Drawable.hpp:323:18:virtual void touchgfx::Drawable::setX(int16_t)	0	static
Drawable.hpp:339:18:virtual void touchgfx::Drawable::setY(int16_t)	0	static
Drawable.hpp:373:18:virtual void touchgfx::Drawable::setWidth(int16_t)	0	static
Drawable.hpp:389:18:virtual void touchgfx::Drawable::setHeight(int16_t)	0	static
Drawable.hpp:404:18:virtual void touchgfx::Drawable::childGeometryChanged()	0	static
Drawable.hpp:416:18:virtual void touchgfx::Drawable::handleClickEvent(const touchgfx::ClickEvent&)	0	static
Drawable.hpp:428:18:virtual void touchgfx::Drawable::handleGestureEvent(const touchgfx::GestureEvent&)	0	static
Drawable.hpp:440:18:virtual void touchgfx::Drawable::handleDragEvent(const touchgfx::DragEvent&)	0	static
Drawable.hpp:564:18:virtual void touchgfx::Drawable::moveTo(int16_t, int16_t)	8	static
Drawable.hpp:737:18:virtual void touchgfx::Drawable::setupDrawChain(const touchgfx::Rect&, touchgfx::Drawable**)	4	static
Widget.hpp:74:18:virtual void touchgfx::Widget::getLastChild(int16_t, int16_t, touchgfx::Drawable**)	0	static
AnimatedImage.hpp:219:22:virtual uint16_t touchgfx::AnimatedImage::getType() const	0	static
AnimatedImage.hpp:245:18:virtual void touchgfx::AnimatedImage::setBitmap(const touchgfx::Bitmap&)	0	static
AnimatedImage.hpp:33:7:touchgfx::AnimatedImage::~AnimatedImage()	0	static
AnimatedImage.cpp:96:6:virtual void touchgfx::AnimatedImage::stopAnimation()	16	static
AnimatedImage.cpp:75:6:virtual void touchgfx::AnimatedImage::startAnimation(const bool&, const bool&, const bool&)	32	static
AnimatedImage.hpp:33:7:virtual touchgfx::AnimatedImage::~AnimatedImage()	8	static
AnimatedImage.cpp:114:6:virtual void touchgfx::AnimatedImage::pauseAnimation()	8	static
AnimatedImage.cpp:20:6:virtual void touchgfx::AnimatedImage::handleTickEvent()	24	static
Drawable.hpp:356:18:virtual void touchgfx::Drawable::setXY(int16_t, int16_t)	32	static
Drawable.hpp:249:18:virtual void touchgfx::Drawable::setPosition(int16_t, int16_t, int16_t, int16_t)	32	static
AnimatedImage.cpp:128:6:void touchgfx::AnimatedImage::setBitmaps(touchgfx::BitmapId, touchgfx::BitmapId)	24	static
AnimatedImage.cpp:135:6:void touchgfx::AnimatedImage::setUpdateTicksInterval(uint8_t)	0	static
