Drawable.hpp:323:18:virtual void touchgfx::Drawable::setX(int16_t)	0	static
Drawable.hpp:339:18:virtual void touchgfx::Drawable::setY(int16_t)	0	static
Drawable.hpp:373:18:virtual void touchgfx::Drawable::setWidth(int16_t)	0	static
Drawable.hpp:389:18:virtual void touchgfx::Drawable::setHeight(int16_t)	0	static
Drawable.hpp:404:18:virtual void touchgfx::Drawable::childGeometryChanged()	0	static
Drawable.hpp:416:18:virtual void touchgfx::Drawable::handleClickEvent(const touchgfx::ClickEvent&)	0	static
Drawable.hpp:428:18:virtual void touchgfx::Drawable::handleGestureEvent(const touchgfx::GestureEvent&)	0	static
Drawable.hpp:440:18:virtual void touchgfx::Drawable::handleDragEvent(const touchgfx::DragEvent&)	0	static
Drawable.hpp:453:18:virtual void touchgfx::Drawable::handleTickEvent()	0	static
Drawable.hpp:564:18:virtual void touchgfx::Drawable::moveTo(int16_t, int16_t)	8	static
Drawable.hpp:737:18:virtual void touchgfx::Drawable::setupDrawChain(const touchgfx::Rect&, touchgfx::Drawable**)	4	static
Widget.hpp:74:18:virtual void touchgfx::Widget::getLastChild(int16_t, int16_t, touchgfx::Drawable**)	0	static
BoxWithBorder.hpp:65:13:touchgfx::BoxWithBorder::~BoxWithBorder()	0	static
BoxWithBorder.hpp:188:22:virtual uint16_t touchgfx::BoxWithBorder::getType() const	0	static
BoxWithBorder.cpp:20:6:virtual touchgfx::Rect touchgfx::BoxWithBorder::getSolidRect() const	0	static
BoxWithBorder.hpp:65:13:virtual touchgfx::BoxWithBorder::~BoxWithBorder()	8	static
Drawable.hpp:356:18:virtual void touchgfx::Drawable::setXY(int16_t, int16_t)	32	static
BoxWithBorder.cpp:31:6:virtual void touchgfx::BoxWithBorder::draw(const touchgfx::Rect&) const	104	static
Drawable.hpp:249:18:virtual void touchgfx::Drawable::setPosition(int16_t, int16_t, int16_t, int16_t)	32	static
