Drawable.hpp:323:18:virtual void touchgfx::Drawable::setX(int16_t)	0	static
Drawable.hpp:339:18:virtual void touchgfx::Drawable::setY(int16_t)	0	static
Drawable.hpp:373:18:virtual void touchgfx::Drawable::setWidth(int16_t)	0	static
Drawable.hpp:389:18:virtual void touchgfx::Drawable::setHeight(int16_t)	0	static
Drawable.hpp:404:18:virtual void touchgfx::Drawable::childGeometryChanged()	0	static
Drawable.hpp:428:18:virtual void touchgfx::Drawable::handleGestureEvent(const touchgfx::GestureEvent&)	0	static
Drawable.hpp:440:18:virtual void touchgfx::Drawable::handleDragEvent(const touchgfx::DragEvent&)	0	static
Drawable.hpp:453:18:virtual void touchgfx::Drawable::handleTickEvent()	0	static
Drawable.hpp:564:18:virtual void touchgfx::Drawable::moveTo(int16_t, int16_t)	8	static
Drawable.hpp:737:18:virtual void touchgfx::Drawable::setupDrawChain(const touchgfx::Rect&, touchgfx::Drawable**)	4	static
Widget.hpp:74:18:virtual void touchgfx::Widget::getLastChild(int16_t, int16_t, touchgfx::Drawable**)	0	static
AbstractButton.hpp:95:18:virtual bool touchgfx::AbstractButton::getPressedState() const	0	static
Button.hpp:54:13:touchgfx::Button::~Button()	0	static
Button.hpp:143:22:virtual uint16_t touchgfx::Button::getType() const	0	static
Button.cpp:33:6:virtual void touchgfx::Button::setBitmaps(const touchgfx::Bitmap&, const touchgfx::Bitmap&)	16	static
Button.hpp:54:13:virtual touchgfx::Button::~Button()	8	static
Button.cpp:43:6:virtual touchgfx::Rect touchgfx::Button::getSolidRect() const	8	static
Button.cpp:20:6:virtual void touchgfx::Button::draw(const touchgfx::Rect&) const	80	static
Drawable.hpp:356:18:virtual void touchgfx::Drawable::setXY(int16_t, int16_t)	32	static
Drawable.hpp:249:18:virtual void touchgfx::Drawable::setPosition(int16_t, int16_t, int16_t, int16_t)	32	static
