Drawable.hpp:323:18:virtual void touchgfx::Drawable::setX(int16_t)	0	static
Drawable.hpp:339:18:virtual void touchgfx::Drawable::setY(int16_t)	0	static
Drawable.hpp:373:18:virtual void touchgfx::Drawable::setWidth(int16_t)	0	static
Drawable.hpp:389:18:virtual void touchgfx::Drawable::setHeight(int16_t)	0	static
Drawable.hpp:404:18:virtual void touchgfx::Drawable::childGeometryChanged()	0	static
Drawable.hpp:428:18:virtual void touchgfx::Drawable::handleGestureEvent(const touchgfx::GestureEvent&)	0	static
Drawable.hpp:440:18:virtual void touchgfx::Drawable::handleDragEvent(const touchgfx::DragEvent&)	0	static
Drawable.hpp:453:18:virtual void touchgfx::Drawable::handleTickEvent()	0	static
Drawable.hpp:564:18:virtual void touchgfx::Drawable::moveTo(int16_t, int16_t)	8	static
Drawable.hpp:737:18:virtual void touchgfx::Drawable::setupDrawChain(const touchgfx::Rect&, touchgfx::Drawable**)	4	static
Widget.hpp:74:18:virtual void touchgfx::Widget::getLastChild(int16_t, int16_t, touchgfx::Drawable**)	0	static
AbstractButton.hpp:95:18:virtual bool touchgfx::AbstractButton::getPressedState() const	0	static
ButtonWithIcon.hpp:167:22:virtual uint16_t touchgfx::ButtonWithIcon::getType() const	0	static
ButtonWithIcon.hpp:32:7:touchgfx::ButtonWithIcon::~ButtonWithIcon()	0	static
ButtonWithIcon.hpp:32:7:virtual touchgfx::ButtonWithIcon::~ButtonWithIcon()	8	static
ButtonWithIcon.cpp:27:6:virtual void touchgfx::ButtonWithIcon::setBitmaps(const touchgfx::Bitmap&, const touchgfx::Bitmap&, const touchgfx::Bitmap&, const touchgfx::Bitmap&)	16	static
ButtonWithIcon.cpp:39:6:virtual void touchgfx::ButtonWithIcon::draw(const touchgfx::Rect&) const	80	static
Drawable.hpp:356:18:virtual void touchgfx::Drawable::setXY(int16_t, int16_t)	32	static
Drawable.hpp:249:18:virtual void touchgfx::Drawable::setPosition(int16_t, int16_t, int16_t, int16_t)	32	static
ButtonWithIcon.cpp:20:1:touchgfx::ButtonWithIcon::ButtonWithIcon()	4	static
