ClickEvent.hpp:74:13:touchgfx::ClickEvent::~ClickEvent()	0	static
ClickEvent.hpp:184:30:virtual touchgfx::Event::EventType touchgfx::ClickEvent::getEventType()	0	static
Font.hpp:330:22:virtual uint16_t touchgfx::Font::getFontHeight() const	0	static
Font.hpp:346:22:virtual uint16_t touchgfx::Font::getMinimumTextHeight() const	0	static
Drawable.hpp:323:18:virtual void touchgfx::Drawable::setX(int16_t)	0	static
Drawable.hpp:339:18:virtual void touchgfx::Drawable::setY(int16_t)	0	static
Drawable.hpp:373:18:virtual void touchgfx::Drawable::setWidth(int16_t)	0	static
Drawable.hpp:389:18:virtual void touchgfx::Drawable::setHeight(int16_t)	0	static
Drawable.hpp:404:18:virtual void touchgfx::Drawable::childGeometryChanged()	0	static
Drawable.hpp:416:18:virtual void touchgfx::Drawable::handleClickEvent(const touchgfx::ClickEvent&)	0	static
Drawable.hpp:428:18:virtual void touchgfx::Drawable::handleGestureEvent(const touchgfx::GestureEvent&)	0	static
Drawable.hpp:440:18:virtual void touchgfx::Drawable::handleDragEvent(const touchgfx::DragEvent&)	0	static
Drawable.hpp:453:18:virtual void touchgfx::Drawable::handleTickEvent()	0	static
Drawable.hpp:564:18:virtual void touchgfx::Drawable::moveTo(int16_t, int16_t)	8	static
Drawable.hpp:737:18:virtual void touchgfx::Drawable::setupDrawChain(const touchgfx::Rect&, touchgfx::Drawable**)	4	static
Widget.hpp:74:18:virtual void touchgfx::Widget::getLastChild(int16_t, int16_t, touchgfx::Drawable**)	0	static
TextArea.hpp:69:18:virtual touchgfx::Rect touchgfx::TextArea::getSolidRect() const	0	static
TextAreaWithWildcard.hpp:181:22:virtual uint16_t touchgfx::TextAreaWithOneWildcard::getType() const	0	static
Keyboard.hpp:143:13:touchgfx::Keyboard::~Keyboard()	0	static
Keyboard.hpp:333:22:virtual uint16_t touchgfx::Keyboard::getType() const	0	static
TextAreaWithWildcard.hpp:75:7:touchgfx::TextAreaWithOneWildcard::~TextAreaWithOneWildcard()	0	static
Keyboard.cpp:286:6:virtual void touchgfx::Keyboard::setupDrawChain(const touchgfx::Rect&, touchgfx::Drawable**)	16	static
ClickEvent.hpp:74:13:virtual touchgfx::ClickEvent::~ClickEvent()	8	static
TextAreaWithWildcard.hpp:75:7:virtual touchgfx::TextAreaWithOneWildcard::~TextAreaWithOneWildcard()	8	static
Keyboard.hpp:143:13:virtual touchgfx::Keyboard::~Keyboard()	8	static
Keyboard.cpp:259:6:virtual void touchgfx::Keyboard::handleDragEvent(const touchgfx::DragEvent&)	24	static
Drawable.hpp:356:18:virtual void touchgfx::Drawable::setXY(int16_t, int16_t)	32	static
Keyboard.cpp:114:6:virtual void touchgfx::Keyboard::draw(const touchgfx::Rect&) const	112	static
Drawable.hpp:249:18:virtual void touchgfx::Drawable::setPosition(int16_t, int16_t, int16_t, int16_t)	32	static
TextArea.hpp:142:18:virtual void touchgfx::TextArea::setBaselineY(int16_t)	16	static
TextArea.hpp:161:18:virtual void touchgfx::TextArea::setXBaselineY(int16_t, int16_t)	32	static
TextAreaWithWildcard.hpp:101:21:virtual int16_t touchgfx::TextAreaWithOneWildcard::getTextHeight()	8	static
TextAreaWithWildcard.hpp:167:22:virtual uint16_t touchgfx::TextAreaWithOneWildcard::getTextWidth() const	16	static
TextAreaWithWildcard.hpp:116:18:virtual void touchgfx::TextAreaWithOneWildcard::draw(const touchgfx::Rect&) const	80	static
Keyboard.cpp:162:6:virtual void touchgfx::Keyboard::handleClickEvent(const touchgfx::ClickEvent&)	40	static
Keyboard.cpp:21:1:touchgfx::Keyboard::Keyboard()	48	static
Keyboard.cpp:40:6:void touchgfx::Keyboard::setBuffer(touchgfx::Unicode::UnicodeChar*, uint16_t)	8	static
Keyboard.cpp:52:6:void touchgfx::Keyboard::setLayout(const touchgfx::Keyboard::Layout*)	24	static
Keyboard.cpp:67:6:void touchgfx::Keyboard::setTextIndentation()	16	static
Keyboard.cpp:78:15:touchgfx::Keyboard::Key touchgfx::Keyboard::getKeyForCoordinates(int16_t, int16_t) const	12	static
Keyboard.cpp:96:24:touchgfx::Keyboard::CallbackArea touchgfx::Keyboard::getCallbackAreaForCoordinates(int16_t, int16_t) const	12	static
Keyboard.cpp:269:22:touchgfx::Unicode::UnicodeChar touchgfx::Keyboard::getCharForKey(uint8_t) const	4	static
Keyboard.cpp:297:6:void touchgfx::Keyboard::setBufferPosition(uint16_t)	0	static
Keyboard.cpp:303:6:void touchgfx::Keyboard::setKeymappingList(const touchgfx::Keyboard::KeyMappingList*)	0	static
