Drawable.hpp:323:18:virtual void touchgfx::Drawable::setX(int16_t)	0	static
Drawable.hpp:339:18:virtual void touchgfx::Drawable::setY(int16_t)	0	static
Drawable.hpp:373:18:virtual void touchgfx::Drawable::setWidth(int16_t)	0	static
Drawable.hpp:389:18:virtual void touchgfx::Drawable::setHeight(int16_t)	0	static
Drawable.hpp:404:18:virtual void touchgfx::Drawable::childGeometryChanged()	0	static
Drawable.hpp:416:18:virtual void touchgfx::Drawable::handleClickEvent(const touchgfx::ClickEvent&)	0	static
Drawable.hpp:428:18:virtual void touchgfx::Drawable::handleGestureEvent(const touchgfx::GestureEvent&)	0	static
Drawable.hpp:440:18:virtual void touchgfx::Drawable::handleDragEvent(const touchgfx::DragEvent&)	0	static
Drawable.hpp:453:18:virtual void touchgfx::Drawable::handleTickEvent()	0	static
Drawable.hpp:564:18:virtual void touchgfx::Drawable::moveTo(int16_t, int16_t)	8	static
Drawable.hpp:737:18:virtual void touchgfx::Drawable::setupDrawChain(const touchgfx::Rect&, touchgfx::Drawable**)	4	static
Widget.hpp:74:18:virtual void touchgfx::Widget::getLastChild(int16_t, int16_t, touchgfx::Drawable**)	0	static
Widget.hpp:91:22:virtual uint16_t touchgfx::Widget::getType() const	0	static
PixelDataWidget.cpp:59:16:virtual touchgfx::Rect touchgfx::PixelDataWidget::getSolidRect() const	0	static
PixelDataWidget.hpp:36:7:touchgfx::PixelDataWidget::~PixelDataWidget()	0	static
PixelDataWidget.hpp:36:7:virtual touchgfx::PixelDataWidget::~PixelDataWidget()	8	static
PixelDataWidget.cpp:48:6:virtual void touchgfx::PixelDataWidget::draw(const touchgfx::Rect&) const	40	static
Drawable.hpp:356:18:virtual void touchgfx::Drawable::setXY(int16_t, int16_t)	32	static
Drawable.hpp:249:18:virtual void touchgfx::Drawable::setPosition(int16_t, int16_t, int16_t, int16_t)	32	static
PixelDataWidget.cpp:20:1:touchgfx::PixelDataWidget::PixelDataWidget()	4	static
PixelDataWidget.cpp:28:6:void touchgfx::PixelDataWidget::setPixelData(uint8_t*)	0	static
PixelDataWidget.cpp:33:6:void touchgfx::PixelDataWidget::setBitmapFormat(touchgfx::Bitmap::BitmapFormat)	0	static
PixelDataWidget.cpp:38:6:void touchgfx::PixelDataWidget::setAlpha(uint8_t)	0	static
PixelDataWidget.cpp:43:9:uint8_t touchgfx::PixelDataWidget::getAlpha() const	0	static
