Drawable.hpp:323:18:virtual void touchgfx::Drawable::setX(int16_t)	0	static
Drawable.hpp:339:18:virtual void touchgfx::Drawable::setY(int16_t)	0	static
Drawable.hpp:373:18:virtual void touchgfx::Drawable::setWidth(int16_t)	0	static
Drawable.hpp:389:18:virtual void touchgfx::Drawable::setHeight(int16_t)	0	static
Drawable.hpp:404:18:virtual void touchgfx::Drawable::childGeometryChanged()	0	static
Drawable.hpp:428:18:virtual void touchgfx::Drawable::handleGestureEvent(const touchgfx::GestureEvent&)	0	static
Drawable.hpp:440:18:virtual void touchgfx::Drawable::handleDragEvent(const touchgfx::DragEvent&)	0	static
Drawable.hpp:453:18:virtual void touchgfx::Drawable::handleTickEvent()	0	static
Drawable.hpp:564:18:virtual void touchgfx::Drawable::moveTo(int16_t, int16_t)	8	static
Drawable.hpp:737:18:virtual void touchgfx::Drawable::setupDrawChain(const touchgfx::Rect&, touchgfx::Drawable**)	4	static
Widget.hpp:74:18:virtual void touchgfx::Widget::getLastChild(int16_t, int16_t, touchgfx::Drawable**)	0	static
AbstractButton.hpp:95:18:virtual bool touchgfx::AbstractButton::getPressedState() const	0	static
RadioButton.hpp:57:13:touchgfx::RadioButton::~RadioButton()	0	static
RadioButton.hpp:238:22:virtual uint16_t touchgfx::RadioButton::getType() const	0	static
RadioButton.cpp:54:6:virtual void touchgfx::RadioButton::setBitmaps(const touchgfx::Bitmap&, const touchgfx::Bitmap&, const touchgfx::Bitmap&, const touchgfx::Bitmap&)	16	static
RadioButton.hpp:57:13:virtual touchgfx::RadioButton::~RadioButton()	8	static
RadioButton.cpp:20:6:virtual void touchgfx::RadioButton::draw(const touchgfx::Rect&) const	80	static
RadioButton.cpp:65:6:virtual touchgfx::Rect touchgfx::RadioButton::getSolidRect() const	16	static
Drawable.hpp:356:18:virtual void touchgfx::Drawable::setXY(int16_t, int16_t)	32	static
Drawable.hpp:249:18:virtual void touchgfx::Drawable::setPosition(int16_t, int16_t, int16_t, int16_t)	32	static
RadioButton.cpp:75:6:void touchgfx::RadioButton::setSelected(bool)	8	static
RadioButton.cpp:33:6:virtual void touchgfx::RadioButton::handleClickEvent(const touchgfx::ClickEvent&)	16	static
