Drawable.hpp:323:18:virtual void touchgfx::Drawable::setX(int16_t)	0	static
Drawable.hpp:339:18:virtual void touchgfx::Drawable::setY(int16_t)	0	static
Drawable.hpp:373:18:virtual void touchgfx::Drawable::setWidth(int16_t)	0	static
Drawable.hpp:389:18:virtual void touchgfx::Drawable::setHeight(int16_t)	0	static
Drawable.hpp:404:18:virtual void touchgfx::Drawable::childGeometryChanged()	0	static
Drawable.hpp:428:18:virtual void touchgfx::Drawable::handleGestureEvent(const touchgfx::GestureEvent&)	0	static
Drawable.hpp:440:18:virtual void touchgfx::Drawable::handleDragEvent(const touchgfx::DragEvent&)	0	static
Drawable.hpp:564:18:virtual void touchgfx::Drawable::moveTo(int16_t, int16_t)	8	static
Drawable.hpp:737:18:virtual void touchgfx::Drawable::setupDrawChain(const touchgfx::Rect&, touchgfx::Drawable**)	4	static
Widget.hpp:74:18:virtual void touchgfx::Widget::getLastChild(int16_t, int16_t, touchgfx::Drawable**)	0	static
AbstractButton.hpp:95:18:virtual bool touchgfx::AbstractButton::getPressedState() const	0	static
Button.hpp:143:22:virtual uint16_t touchgfx::Button::getType() const	0	static
RepeatButton.cpp:24:6:virtual void touchgfx::RepeatButton::setDelay(int)	0	static
RepeatButton.cpp:29:5:virtual int touchgfx::RepeatButton::getDelay()	0	static
RepeatButton.cpp:34:6:virtual void touchgfx::RepeatButton::setInterval(int)	0	static
RepeatButton.cpp:39:5:virtual int touchgfx::RepeatButton::getInterval()	0	static
RepeatButton.hpp:34:7:touchgfx::RepeatButton::~RepeatButton()	0	static
RepeatButton.hpp:34:7:virtual touchgfx::RepeatButton::~RepeatButton()	8	static
RepeatButton.cpp:44:6:virtual void touchgfx::RepeatButton::handleClickEvent(const touchgfx::ClickEvent&)	16	static
RepeatButton.cpp:65:6:virtual void touchgfx::RepeatButton::handleTickEvent()	8	static
Drawable.hpp:356:18:virtual void touchgfx::Drawable::setXY(int16_t, int16_t)	32	static
Drawable.hpp:249:18:virtual void touchgfx::Drawable::setPosition(int16_t, int16_t, int16_t, int16_t)	32	static
RepeatButton.cpp:20:1:touchgfx::RepeatButton::RepeatButton()	8	static
