Drawable.hpp:323:18:virtual void touchgfx::Drawable::setX(int16_t)	0	static
Drawable.hpp:339:18:virtual void touchgfx::Drawable::setY(int16_t)	0	static
Drawable.hpp:373:18:virtual void touchgfx::Drawable::setWidth(int16_t)	0	static
Drawable.hpp:389:18:virtual void touchgfx::Drawable::setHeight(int16_t)	0	static
Drawable.hpp:404:18:virtual void touchgfx::Drawable::childGeometryChanged()	0	static
Drawable.hpp:416:18:virtual void touchgfx::Drawable::handleClickEvent(const touchgfx::ClickEvent&)	0	static
Drawable.hpp:428:18:virtual void touchgfx::Drawable::handleGestureEvent(const touchgfx::GestureEvent&)	0	static
Drawable.hpp:440:18:virtual void touchgfx::Drawable::handleDragEvent(const touchgfx::DragEvent&)	0	static
Drawable.hpp:453:18:virtual void touchgfx::Drawable::handleTickEvent()	0	static
Drawable.hpp:564:18:virtual void touchgfx::Drawable::moveTo(int16_t, int16_t)	8	static
Drawable.hpp:737:18:virtual void touchgfx::Drawable::setupDrawChain(const touchgfx::Rect&, touchgfx::Drawable**)	4	static
Widget.hpp:74:18:virtual void touchgfx::Widget::getLastChild(int16_t, int16_t, touchgfx::Drawable**)	0	static
ScalableImage.hpp:114:18:virtual void touchgfx::ScalableImage::setAlpha(uint8_t)	0	static
ScalableImage.hpp:128:21:virtual uint8_t touchgfx::ScalableImage::getAlpha() const	0	static
ScalableImage.hpp:190:22:virtual uint16_t touchgfx::ScalableImage::getType() const	0	static
ScalableImage.cpp:29:1:touchgfx::ScalableImage::~ScalableImage()	0	static
ScalableImage.cpp:40:6:virtual void touchgfx::ScalableImage::setScalingAlgorithm(touchgfx::ScalableImage::ScalingAlgorithm)	0	static
ScalableImage.cpp:45:33:virtual touchgfx::ScalableImage::ScalingAlgorithm touchgfx::ScalableImage::getScalingAlgorithm()	0	static
ScalableImage.cpp:29:1:virtual touchgfx::ScalableImage::~ScalableImage()	8	static
ScalableImage.cpp:199:6:virtual touchgfx::Rect touchgfx::ScalableImage::getSolidRect() const	32	static
Drawable.hpp:356:18:virtual void touchgfx::Drawable::setXY(int16_t, int16_t)	32	static
ScalableImage.cpp:33:6:virtual void touchgfx::ScalableImage::setBitmap(const touchgfx::Bitmap&)	16	static
Drawable.hpp:249:18:virtual void touchgfx::Drawable::setPosition(int16_t, int16_t, int16_t, int16_t)	32	static
ScalableImage.cpp:22:1:touchgfx::ScalableImage::ScalableImage()	4	static
ScalableImage.cpp:50:6:void touchgfx::ScalableImage::drawTriangle(const touchgfx::Rect&, uint16_t*, const float*, const float*, const float*, const float*, const float*) const	208	static
ScalableImage.cpp:114:6:virtual void touchgfx::ScalableImage::draw(const touchgfx::Rect&) const	160	static
ScalableImage.cpp:100:18:touchgfx::RenderingVariant touchgfx::ScalableImage::lookupRenderVariant() const	0	static
