Drawable.hpp:323:18:virtual void touchgfx::Drawable::setX(int16_t)	0	static
Drawable.hpp:339:18:virtual void touchgfx::Drawable::setY(int16_t)	0	static
Drawable.hpp:373:18:virtual void touchgfx::Drawable::setWidth(int16_t)	0	static
Drawable.hpp:389:18:virtual void touchgfx::Drawable::setHeight(int16_t)	0	static
Drawable.hpp:404:18:virtual void touchgfx::Drawable::childGeometryChanged()	0	static
Drawable.hpp:416:18:virtual void touchgfx::Drawable::handleClickEvent(const touchgfx::ClickEvent&)	0	static
Drawable.hpp:428:18:virtual void touchgfx::Drawable::handleGestureEvent(const touchgfx::GestureEvent&)	0	static
Drawable.hpp:440:18:virtual void touchgfx::Drawable::handleDragEvent(const touchgfx::DragEvent&)	0	static
Drawable.hpp:453:18:virtual void touchgfx::Drawable::handleTickEvent()	0	static
Drawable.hpp:564:18:virtual void touchgfx::Drawable::moveTo(int16_t, int16_t)	8	static
Drawable.hpp:737:18:virtual void touchgfx::Drawable::setupDrawChain(const touchgfx::Rect&, touchgfx::Drawable**)	4	static
Widget.hpp:74:18:virtual void touchgfx::Widget::getLastChild(int16_t, int16_t, touchgfx::Drawable**)	0	static
TextureMapper.hpp:149:18:virtual void touchgfx::TextureMapper::setRenderingAlgorithm(touchgfx::TextureMapper::RenderingAlgorithm)	0	static
TextureMapper.hpp:163:32:virtual touchgfx::TextureMapper::RenderingAlgorithm touchgfx::TextureMapper::getRenderingAlgorithm() const	0	static
TextureMapper.hpp:262:19:virtual float touchgfx::TextureMapper::getXAngle() const	0	static
TextureMapper.hpp:276:19:virtual float touchgfx::TextureMapper::getYAngle() const	0	static
TextureMapper.hpp:290:19:virtual float touchgfx::TextureMapper::getZAngle() const	0	static
TextureMapper.hpp:315:19:virtual float touchgfx::TextureMapper::getScale() const	0	static
TextureMapper.hpp:365:19:virtual float touchgfx::TextureMapper::getOrigoX() const	0	static
TextureMapper.hpp:379:19:virtual float touchgfx::TextureMapper::getOrigoY() const	0	static
TextureMapper.hpp:393:19:virtual float touchgfx::TextureMapper::getOrigoZ() const	0	static
TextureMapper.hpp:424:19:virtual float touchgfx::TextureMapper::getCameraX() const	0	static
TextureMapper.hpp:438:19:virtual float touchgfx::TextureMapper::getCameraY() const	0	static
TextureMapper.hpp:468:19:virtual float touchgfx::TextureMapper::getCameraDistance() const	0	static
TextureMapper.hpp:516:19:virtual float touchgfx::TextureMapper::getBitmapPositionX() const	0	static
TextureMapper.hpp:530:19:virtual float touchgfx::TextureMapper::getBitmapPositionY() const	0	static
TextureMapper.hpp:544:19:virtual float touchgfx::TextureMapper::getX0() const	0	static
TextureMapper.hpp:558:19:virtual float touchgfx::TextureMapper::getX1() const	0	static
TextureMapper.hpp:572:19:virtual float touchgfx::TextureMapper::getX2() const	0	static
TextureMapper.hpp:586:19:virtual float touchgfx::TextureMapper::getX3() const	0	static
TextureMapper.hpp:600:19:virtual float touchgfx::TextureMapper::getY0() const	0	static
TextureMapper.hpp:614:19:virtual float touchgfx::TextureMapper::getY1() const	0	static
TextureMapper.hpp:628:19:virtual float touchgfx::TextureMapper::getY2() const	0	static
TextureMapper.hpp:642:19:virtual float touchgfx::TextureMapper::getY3() const	0	static
TextureMapper.hpp:656:19:virtual float touchgfx::TextureMapper::getZ0() const	0	static
TextureMapper.hpp:670:19:virtual float touchgfx::TextureMapper::getZ1() const	0	static
TextureMapper.hpp:684:19:virtual float touchgfx::TextureMapper::getZ2() const	0	static
TextureMapper.hpp:698:19:virtual float touchgfx::TextureMapper::getZ3() const	0	static
TextureMapper.hpp:712:22:virtual uint16_t touchgfx::TextureMapper::getType() const	0	static
TextureMapper.cpp:55:1:touchgfx::TextureMapper::~TextureMapper()	0	static
TextureMapper.cpp:55:1:virtual touchgfx::TextureMapper::~TextureMapper()	8	static
TextureMapper.cpp:373:6:virtual touchgfx::Rect touchgfx::TextureMapper::getSolidRect() const	0	static
Drawable.hpp:356:18:virtual void touchgfx::Drawable::setXY(int16_t, int16_t)	32	static
Drawable.hpp:249:18:virtual void touchgfx::Drawable::setPosition(int16_t, int16_t, int16_t, int16_t)	32	static
TextureMapper.cpp:23:1:touchgfx::TextureMapper::TextureMapper()	8	static
TextureMapper.cpp:67:6:void touchgfx::TextureMapper::applyTransformation()	864	static
TextureMapper.cpp:59:6:virtual void touchgfx::TextureMapper::setBitmap(const touchgfx::Bitmap&)	16	static
TextureMapper.cpp:174:6:virtual void touchgfx::TextureMapper::setScale(float)	0	static
TextureMapper.hpp:484:18:virtual void touchgfx::TextureMapper::setBitmapPosition(float, float)	0	static
TextureMapper.hpp:453:18:virtual void touchgfx::TextureMapper::setCameraDistance(float)	0	static
TextureMapper.hpp:408:18:virtual void touchgfx::TextureMapper::setCamera(float, float)	0	static
TextureMapper.hpp:349:18:virtual void touchgfx::TextureMapper::setOrigo(float, float)	0	static
TextureMapper.hpp:331:18:virtual void touchgfx::TextureMapper::setOrigo(float, float, float)	0	static
TextureMapper.cpp:159:6:virtual void touchgfx::TextureMapper::updateAngles(float, float, float)	96	static
TextureMapper.hpp:502:18:virtual void touchgfx::TextureMapper::setBitmapPosition(int, int)	8	static
TextureMapper.hpp:248:18:virtual void touchgfx::TextureMapper::updateZAngle(float)	88	static
TextureMapper.hpp:220:18:virtual void touchgfx::TextureMapper::updateXAngle(float)	88	static
TextureMapper.hpp:234:18:virtual void touchgfx::TextureMapper::updateYAngle(float)	88	static
TextureMapper.cpp:133:6:touchgfx::Rect touchgfx::TextureMapper::getBoundingRect() const	48	static
TextureMapper.cpp:309:6:void touchgfx::TextureMapper::drawTriangle(const touchgfx::Rect&, uint16_t*, const float*, const float*, const float*, const float*, const float*) const	208	static
TextureMapper.cpp:181:6:virtual void touchgfx::TextureMapper::draw(const touchgfx::Rect&) const	152	static
TextureMapper.cpp:359:18:touchgfx::RenderingVariant touchgfx::TextureMapper::lookupRenderVariant() const	0	static
