Drawable.hpp:323:18:virtual void touchgfx::Drawable::setX(int16_t)	0	static
Drawable.hpp:339:18:virtual void touchgfx::Drawable::setY(int16_t)	0	static
Drawable.hpp:373:18:virtual void touchgfx::Drawable::setWidth(int16_t)	0	static
Drawable.hpp:389:18:virtual void touchgfx::Drawable::setHeight(int16_t)	0	static
Drawable.hpp:404:18:virtual void touchgfx::Drawable::childGeometryChanged()	0	static
Drawable.hpp:416:18:virtual void touchgfx::Drawable::handleClickEvent(const touchgfx::ClickEvent&)	0	static
Drawable.hpp:428:18:virtual void touchgfx::Drawable::handleGestureEvent(const touchgfx::GestureEvent&)	0	static
Drawable.hpp:440:18:virtual void touchgfx::Drawable::handleDragEvent(const touchgfx::DragEvent&)	0	static
Drawable.hpp:453:18:virtual void touchgfx::Drawable::handleTickEvent()	0	static
Drawable.hpp:564:18:virtual void touchgfx::Drawable::moveTo(int16_t, int16_t)	8	static
Drawable.hpp:737:18:virtual void touchgfx::Drawable::setupDrawChain(const touchgfx::Rect&, touchgfx::Drawable**)	4	static
Widget.hpp:74:18:virtual void touchgfx::Widget::getLastChild(int16_t, int16_t, touchgfx::Drawable**)	0	static
Widget.hpp:91:22:virtual uint16_t touchgfx::Widget::getType() const	0	static
CanvasWidget.hpp:97:18:virtual void touchgfx::CanvasWidget::setAlpha(uint8_t)	0	static
CanvasWidget.hpp:111:21:virtual uint8_t touchgfx::CanvasWidget::getAlpha() const	0	static
AbstractShape.cpp:88:6:virtual touchgfx::Rect touchgfx::AbstractShape::getMinimalRect() const	0	static
Drawable.hpp:356:18:virtual void touchgfx::Drawable::setXY(int16_t, int16_t)	32	static
Drawable.hpp:249:18:virtual void touchgfx::Drawable::setPosition(int16_t, int16_t, int16_t, int16_t)	32	static
AbstractShape.cpp:21:1:touchgfx::AbstractShape::AbstractShape()	8	static
AbstractShape.cpp:30:1:touchgfx::AbstractShape::~AbstractShape()	8	static
AbstractShape.cpp:30:1:virtual touchgfx::AbstractShape::~AbstractShape()	8	static
AbstractShape.cpp:51:6:void touchgfx::AbstractShape::updateAbstractShapeCache()	80	static
AbstractShape.cpp:34:6:virtual bool touchgfx::AbstractShape::drawCanvasWidget(const touchgfx::Rect&) const	208	static
