Drawable.hpp:323:18:virtual void touchgfx::Drawable::setX(int16_t)	0	static
Drawable.hpp:339:18:virtual void touchgfx::Drawable::setY(int16_t)	0	static
Drawable.hpp:373:18:virtual void touchgfx::Drawable::setWidth(int16_t)	0	static
Drawable.hpp:389:18:virtual void touchgfx::Drawable::setHeight(int16_t)	0	static
Drawable.hpp:404:18:virtual void touchgfx::Drawable::childGeometryChanged()	0	static
Drawable.hpp:416:18:virtual void touchgfx::Drawable::handleClickEvent(const touchgfx::ClickEvent&)	0	static
Drawable.hpp:428:18:virtual void touchgfx::Drawable::handleGestureEvent(const touchgfx::GestureEvent&)	0	static
Drawable.hpp:440:18:virtual void touchgfx::Drawable::handleDragEvent(const touchgfx::DragEvent&)	0	static
Drawable.hpp:453:18:virtual void touchgfx::Drawable::handleTickEvent()	0	static
Drawable.hpp:564:18:virtual void touchgfx::Drawable::moveTo(int16_t, int16_t)	8	static
Drawable.hpp:737:18:virtual void touchgfx::Drawable::setupDrawChain(const touchgfx::Rect&, touchgfx::Drawable**)	4	static
Widget.hpp:74:18:virtual void touchgfx::Widget::getLastChild(int16_t, int16_t, touchgfx::Drawable**)	0	static
Widget.hpp:91:22:virtual uint16_t touchgfx::Widget::getType() const	0	static
CanvasWidget.hpp:97:18:virtual void touchgfx::CanvasWidget::setAlpha(uint8_t)	0	static
CanvasWidget.hpp:111:21:virtual uint8_t touchgfx::CanvasWidget::getAlpha() const	0	static
CanvasWidget.cpp:33:6:virtual void touchgfx::CanvasWidget::setPainter(touchgfx::AbstractPainter&)	0	static
CanvasWidget.cpp:137:6:virtual touchgfx::Rect touchgfx::CanvasWidget::getMinimalRect() const	0	static
CanvasWidget.cpp:142:6:virtual touchgfx::Rect touchgfx::CanvasWidget::getSolidRect() const	0	static
CanvasWidget.cpp:38:18:virtual touchgfx::AbstractPainter& touchgfx::CanvasWidget::getPainter() const	8	static
Drawable.hpp:356:18:virtual void touchgfx::Drawable::setXY(int16_t, int16_t)	32	static
CanvasWidget.cpp:44:6:virtual void touchgfx::CanvasWidget::draw(const touchgfx::Rect&) const	96	static
CanvasWidget.cpp:130:6:virtual void touchgfx::CanvasWidget::invalidate() const	24	static
Drawable.hpp:249:18:virtual void touchgfx::Drawable::setPosition(int16_t, int16_t, int16_t, int16_t)	32	static
CanvasWidget.cpp:21:1:touchgfx::CanvasWidget::CanvasWidget()	8	static
CanvasWidget.cpp:29:1:touchgfx::CanvasWidget::~CanvasWidget()	0	static
CanvasWidget.cpp:29:1:virtual touchgfx::CanvasWidget::~CanvasWidget()	8	static
