Drawable.hpp:323:18:virtual void touchgfx::Drawable::setX(int16_t)	0	static
Drawable.hpp:339:18:virtual void touchgfx::Drawable::setY(int16_t)	0	static
Drawable.hpp:373:18:virtual void touchgfx::Drawable::setWidth(int16_t)	0	static
Drawable.hpp:389:18:virtual void touchgfx::Drawable::setHeight(int16_t)	0	static
Drawable.hpp:404:18:virtual void touchgfx::Drawable::childGeometryChanged()	0	static
Drawable.hpp:416:18:virtual void touchgfx::Drawable::handleClickEvent(const touchgfx::ClickEvent&)	0	static
Drawable.hpp:428:18:virtual void touchgfx::Drawable::handleGestureEvent(const touchgfx::GestureEvent&)	0	static
Drawable.hpp:440:18:virtual void touchgfx::Drawable::handleDragEvent(const touchgfx::DragEvent&)	0	static
Drawable.hpp:453:18:virtual void touchgfx::Drawable::handleTickEvent()	0	static
Drawable.hpp:564:18:virtual void touchgfx::Drawable::moveTo(int16_t, int16_t)	8	static
Drawable.hpp:737:18:virtual void touchgfx::Drawable::setupDrawChain(const touchgfx::Rect&, touchgfx::Drawable**)	4	static
Widget.hpp:74:18:virtual void touchgfx::Widget::getLastChild(int16_t, int16_t, touchgfx::Drawable**)	0	static
Widget.hpp:91:22:virtual uint16_t touchgfx::Widget::getType() const	0	static
CanvasWidget.hpp:97:18:virtual void touchgfx::CanvasWidget::setAlpha(uint8_t)	0	static
CanvasWidget.hpp:111:21:virtual uint8_t touchgfx::CanvasWidget::getAlpha() const	0	static
Line.cpp:276:6:virtual touchgfx::Rect touchgfx::Line::getMinimalRect() const	0	static
Line.hpp:46:7:touchgfx::Line::~Line()	8	static
Line.hpp:46:7:virtual touchgfx::Line::~Line()	8	static
Drawable.hpp:356:18:virtual void touchgfx::Drawable::setXY(int16_t, int16_t)	32	static
Drawable.hpp:249:18:virtual void touchgfx::Drawable::setPosition(int16_t, int16_t, int16_t, int16_t)	32	static
CWRUtil.hpp:674:19:static int8_t touchgfx::CWRUtil::arcsine(touchgfx::CWRUtil::Q10)	8	static
CWRUtil.hpp:843:16:static int touchgfx::CWRUtil::_angle(touchgfx::CWRUtil::Q5, touchgfx::CWRUtil::Q5, touchgfx::CWRUtil::Q5&)	24	static
Line.cpp:20:1:touchgfx::Line::Line()	8	static
Line.cpp:30:6:void touchgfx::Line::setStart(touchgfx::CWRUtil::Q5, touchgfx::CWRUtil::Q5)	72	static
Line.cpp:43:6:void touchgfx::Line::updateStart(touchgfx::CWRUtil::Q5, touchgfx::CWRUtil::Q5)	80	static
Line.cpp:62:6:void touchgfx::Line::setEnd(touchgfx::CWRUtil::Q5, touchgfx::CWRUtil::Q5)	72	static
Line.cpp:75:6:void touchgfx::Line::updateEnd(touchgfx::CWRUtil::Q5, touchgfx::CWRUtil::Q5)	80	static
Line.cpp:94:6:void touchgfx::Line::setLineEndingStyle(touchgfx::Line::LINE_ENDING_STYLE)	72	static
Line.cpp:100:25:touchgfx::Line::LINE_ENDING_STYLE touchgfx::Line::getLineEndingStyle() const	0	static
Line.cpp:105:6:void touchgfx::Line::setCapPrecision(int)	0	static
Line.cpp:149:6:void touchgfx::Line::updateCachedShape()	72	static
Line.cpp:118:6:virtual bool touchgfx::Line::drawCanvasWidget(const touchgfx::Rect&) const	240	static
