PainterRGB565Bitmap.hpp:38:7:touchgfx::PainterRGB565Bitmap::~PainterRGB565Bitmap()	8	static
PainterRGB565Bitmap.hpp:38:7:virtual touchgfx::PainterRGB565Bitmap::~PainterRGB565Bitmap()	8	static
PainterRGB565Bitmap.cpp:245:6:virtual bool touchgfx::PainterRGB565Bitmap::renderNext(uint8_t&, uint8_t&, uint8_t&, uint8_t&)	16	static
PainterRGB565Bitmap.cpp:201:6:virtual bool touchgfx::PainterRGB565Bitmap::renderInit()	16	static
PainterRGB565Bitmap.cpp:44:6:virtual void touchgfx::PainterRGB565Bitmap::render(uint8_t*, int, int, int, unsigned int, const uint8_t*)	40	static
PainterRGB565Bitmap.cpp:20:1:touchgfx::PainterRGB565Bitmap::PainterRGB565Bitmap(const touchgfx::Bitmap&, uint8_t)	24	static
PainterRGB565Bitmap.cpp:27:6:void touchgfx::PainterRGB565Bitmap::setBitmap(const touchgfx::Bitmap&)	16	static
PainterRGB565Bitmap.cpp:34:6:void touchgfx::PainterRGB565Bitmap::setAlpha(uint8_t)	0	static
PainterRGB565Bitmap.cpp:39:9:uint8_t touchgfx::PainterRGB565Bitmap::getAlpha() const	0	static
