AbstractPainterRGB565.hpp:106:18:virtual bool touchgfx::AbstractPainterRGB565::renderInit()	0	static
PainterRGB565.cpp:51:6:virtual void touchgfx::PainterRGB565::render(uint8_t*, int, int, int, unsigned int, const uint8_t*)	32	static
PainterRGB565.cpp:93:6:virtual bool touchgfx::PainterRGB565::renderNext(uint8_t&, uint8_t&, uint8_t&, uint8_t&)	8	static
PainterRGB565.hpp:35:7:touchgfx::PainterRGB565::~PainterRGB565()	8	static
PainterRGB565.hpp:35:7:virtual touchgfx::PainterRGB565::~PainterRGB565()	8	static
PainterRGB565.cpp:21:1:touchgfx::PainterRGB565::PainterRGB565(touchgfx::colortype, uint8_t)	16	static
PainterRGB565.cpp:27:6:void touchgfx::PainterRGB565::setColor(touchgfx::colortype, uint8_t)	8	static
PainterRGB565.cpp:36:21:touchgfx::colortype touchgfx::PainterRGB565::getColor() const	0	static
PainterRGB565.cpp:41:6:void touchgfx::PainterRGB565::setAlpha(uint8_t)	0	static
PainterRGB565.cpp:46:9:uint8_t touchgfx::PainterRGB565::getAlpha() const	0	static
