Drawable.hpp:323:18:virtual void touchgfx::Drawable::setX(int16_t)	0	static
Drawable.hpp:339:18:virtual void touchgfx::Drawable::setY(int16_t)	0	static
Drawable.hpp:373:18:virtual void touchgfx::Drawable::setWidth(int16_t)	0	static
Drawable.hpp:389:18:virtual void touchgfx::Drawable::setHeight(int16_t)	0	static
Drawable.hpp:404:18:virtual void touchgfx::Drawable::childGeometryChanged()	0	static
Drawable.hpp:416:18:virtual void touchgfx::Drawable::handleClickEvent(const touchgfx::ClickEvent&)	0	static
Drawable.hpp:428:18:virtual void touchgfx::Drawable::handleGestureEvent(const touchgfx::GestureEvent&)	0	static
Drawable.hpp:440:18:virtual void touchgfx::Drawable::handleDragEvent(const touchgfx::DragEvent&)	0	static
Drawable.hpp:453:18:virtual void touchgfx::Drawable::handleTickEvent()	0	static
Drawable.hpp:564:18:virtual void touchgfx::Drawable::moveTo(int16_t, int16_t)	8	static
Container.hpp:202:22:virtual uint16_t touchgfx::Container::getType() const	0	static
ModalWindow.cpp:40:1:touchgfx::ModalWindow::~ModalWindow()	0	static
ModalWindow.cpp:59:10:virtual uint16_t touchgfx::ModalWindow::getBackgroundWidth() const	0	static
ModalWindow.cpp:64:10:virtual uint16_t touchgfx::ModalWindow::getBackgroundHeight() const	0	static
ModalWindow.cpp:85:9:virtual uint8_t touchgfx::ModalWindow::getShadeAlpha() const	0	static
ModalWindow.cpp:96:21:virtual touchgfx::colortype touchgfx::ModalWindow::getShadeColor() const	0	static
ModalWindow.cpp:101:6:virtual void touchgfx::ModalWindow::show()	0	static
ModalWindow.cpp:107:6:virtual void touchgfx::ModalWindow::hide()	0	static
ModalWindow.cpp:113:6:virtual bool touchgfx::ModalWindow::isShowing() const	0	static
ModalWindow.cpp:69:6:virtual void touchgfx::ModalWindow::add(touchgfx::Drawable&)	0	static
ModalWindow.cpp:90:6:virtual void touchgfx::ModalWindow::setShadeColor(touchgfx::colortype)	0	static
ModalWindow.cpp:79:6:virtual void touchgfx::ModalWindow::setShadeAlpha(uint8_t)	0	static
ModalWindow.cpp:74:6:virtual void touchgfx::ModalWindow::remove(touchgfx::Drawable&)	0	static
ModalWindow.cpp:40:1:virtual touchgfx::ModalWindow::~ModalWindow()	8	static
Drawable.hpp:356:18:virtual void touchgfx::Drawable::setXY(int16_t, int16_t)	32	static
ModalWindow.cpp:53:6:virtual void touchgfx::ModalWindow::setBackground(const BitmapId&, int16_t, int16_t)	32	static
ModalWindow.cpp:44:6:virtual void touchgfx::ModalWindow::setBackground(const BitmapId&)	16	static
Drawable.hpp:249:18:virtual void touchgfx::Drawable::setPosition(int16_t, int16_t, int16_t, int16_t)	32	static
ModalWindow.cpp:21:1:touchgfx::ModalWindow::ModalWindow()	32	static
