ClickEvent.hpp:74:13:touchgfx::ClickEvent::~ClickEvent()	0	static
ClickEvent.hpp:184:30:virtual touchgfx::Event::EventType touchgfx::ClickEvent::getEventType()	0	static
DragEvent.hpp:72:13:touchgfx::DragEvent::~DragEvent()	0	static
DragEvent.hpp:181:30:virtual touchgfx::Event::EventType touchgfx::DragEvent::getEventType()	0	static
Drawable.hpp:323:18:virtual void touchgfx::Drawable::setX(int16_t)	0	static
Drawable.hpp:339:18:virtual void touchgfx::Drawable::setY(int16_t)	0	static
Drawable.hpp:373:18:virtual void touchgfx::Drawable::setWidth(int16_t)	0	static
Drawable.hpp:389:18:virtual void touchgfx::Drawable::setHeight(int16_t)	0	static
Drawable.hpp:564:18:virtual void touchgfx::Drawable::moveTo(int16_t, int16_t)	8	static
ScrollableContainer.hpp:62:13:touchgfx::ScrollableContainer::~ScrollableContainer()	0	static
ScrollableContainer.hpp:382:22:virtual uint16_t touchgfx::ScrollableContainer::getType() const	0	static
ScrollableContainer.cpp:607:6:virtual void touchgfx::ScrollableContainer::moveChildrenRelative(int16_t, int16_t)	24	static
ScrollableContainer.cpp:572:6:virtual void touchgfx::ScrollableContainer::add(touchgfx::Drawable&)	24	static
ClickEvent.hpp:74:13:virtual touchgfx::ClickEvent::~ClickEvent()	8	static
DragEvent.hpp:72:13:virtual touchgfx::DragEvent::~DragEvent()	8	static
ScrollableContainer.hpp:62:13:virtual touchgfx::ScrollableContainer::~ScrollableContainer()	8	static
ScrollableContainer.hpp:166:18:virtual void touchgfx::ScrollableContainer::getLastChild(int16_t, int16_t, touchgfx::Drawable**)	12	static
Drawable.hpp:356:18:virtual void touchgfx::Drawable::setXY(int16_t, int16_t)	32	static
Drawable.hpp:249:18:virtual void touchgfx::Drawable::setPosition(int16_t, int16_t, int16_t, int16_t)	32	static
ScrollableContainer.cpp:582:6:virtual touchgfx::Rect touchgfx::ScrollableContainer::getContainedArea() const	56	static
ScrollableContainer.cpp:432:6:void touchgfx::ScrollableContainer::invalidateScrollbars()	64	static
ScrollableContainer.cpp:59:6:virtual void touchgfx::ScrollableContainer::handleClickEvent(const touchgfx::ClickEvent&)	176	static
ScrollableContainer.cpp:535:6:virtual void touchgfx::ScrollableContainer::childGeometryChanged()	64	static
ScrollableContainer.hpp:111:18:virtual void touchgfx::ScrollableContainer::isScrollableXY(bool&, bool&)	56	static
ScrollableContainer.cpp:471:6:virtual bool touchgfx::ScrollableContainer::doScroll(int16_t, int16_t)	64	static
ScrollableContainer.cpp:620:6:virtual void touchgfx::ScrollableContainer::handleTickEvent()	32	static
ScrollableContainer.cpp:170:6:virtual void touchgfx::ScrollableContainer::handleDragEvent(const touchgfx::DragEvent&)	64	static
ScrollableContainer.cpp:313:6:virtual void touchgfx::ScrollableContainer::handleGestureEvent(const touchgfx::GestureEvent&)	64	static
ScrollableContainer.cpp:22:1:touchgfx::ScrollableContainer::ScrollableContainer()	16	static
ScrollableContainer.cpp:352:6:touchgfx::Rect touchgfx::ScrollableContainer::getXScrollbar() const	48	static
ScrollableContainer.cpp:381:6:touchgfx::Rect touchgfx::ScrollableContainer::getYScrollbar() const	48	static
ScrollableContainer.cpp:410:6:touchgfx::Rect touchgfx::ScrollableContainer::getXBorder(const touchgfx::Rect&, const touchgfx::Rect&) const	16	static
ScrollableContainer.cpp:421:6:touchgfx::Rect touchgfx::ScrollableContainer::getYBorder(const touchgfx::Rect&, const touchgfx::Rect&) const	16	static
ScrollableContainer.cpp:432:6:void touchgfx::ScrollableContainer::invalidateScrollbars()	64	static
ScrollableContainer.cpp:471:6:virtual bool touchgfx::ScrollableContainer::doScroll(int16_t, int16_t)	64	static
ScrollableContainer.cpp:599:6:void touchgfx::ScrollableContainer::reset()	32	static
ScrollableContainer.cpp:659:6:void touchgfx::ScrollableContainer::setScrollbarsColor(touchgfx::colortype)	0	static
ScrollableContainer.cpp:666:6:void touchgfx::ScrollableContainer::setScrollbarsAlpha(uint8_t)	0	static
ScrollableContainer.cpp:673:6:void touchgfx::ScrollableContainer::setScrollbarPadding(uint8_t)	0	static
ScrollableContainer.cpp:678:6:void touchgfx::ScrollableContainer::setScrollbarWidth(uint8_t)	0	static
ScrollableContainer.cpp:683:6:void touchgfx::ScrollableContainer::setScrollbarsVisible(bool)	0	static
ScrollableContainer.cpp:688:6:void touchgfx::ScrollableContainer::setScrollbarsPermanentlyVisible()	64	static
ScrollableContainer.cpp:696:9:int16_t touchgfx::ScrollableContainer::getScrolledX() const	0	static
ScrollableContainer.cpp:701:9:int16_t touchgfx::ScrollableContainer::getScrolledY() const	0	static
