Drawable.hpp:323:18:virtual void touchgfx::Drawable::setX(int16_t)	0	static
Drawable.hpp:339:18:virtual void touchgfx::Drawable::setY(int16_t)	0	static
Drawable.hpp:373:18:virtual void touchgfx::Drawable::setWidth(int16_t)	0	static
Drawable.hpp:389:18:virtual void touchgfx::Drawable::setHeight(int16_t)	0	static
Drawable.hpp:404:18:virtual void touchgfx::Drawable::childGeometryChanged()	0	static
Drawable.hpp:428:18:virtual void touchgfx::Drawable::handleGestureEvent(const touchgfx::GestureEvent&)	0	static
Drawable.hpp:453:18:virtual void touchgfx::Drawable::handleTickEvent()	0	static
Drawable.hpp:564:18:virtual void touchgfx::Drawable::moveTo(int16_t, int16_t)	8	static
Slider.hpp:227:22:virtual uint16_t touchgfx::Slider::getIndicatorMin() const	0	static
Slider.hpp:246:22:virtual uint16_t touchgfx::Slider::getIndicatorMax() const	0	static
Slider.hpp:281:22:virtual uint16_t touchgfx::Slider::getMinValue() const	0	static
Slider.hpp:297:22:virtual uint16_t touchgfx::Slider::getMaxValue() const	0	static
Slider.hpp:365:22:virtual uint16_t touchgfx::Slider::getType() const	0	static
Slider.cpp:47:1:touchgfx::Slider::~Slider()	0	static
Slider.cpp:249:10:virtual uint16_t touchgfx::Slider::getIndicatorRadius() const	0	static
Slider.cpp:291:5:virtual int touchgfx::Slider::getIndicatorPositionRangeSize() const	0	static
Slider.cpp:296:5:virtual int touchgfx::Slider::getValueRangeSize() const	0	static
Slider.cpp:47:1:virtual touchgfx::Slider::~Slider()	8	static
Slider.cpp:265:6:virtual void touchgfx::Slider::setValueRange(int, int, int)	8	static
Drawable.hpp:356:18:virtual void touchgfx::Drawable::setXY(int16_t, int16_t)	32	static
Slider.cpp:168:9:virtual int16_t touchgfx::Slider::valueToPosition(int) const	24	static
Slider.cpp:185:5:virtual int touchgfx::Slider::positionToValue(int16_t) const	32	static
Drawable.hpp:249:18:virtual void touchgfx::Drawable::setPosition(int16_t, int16_t, int16_t, int16_t)	32	static
Slider.cpp:216:6:virtual void touchgfx::Slider::updateIndicatorPosition(int16_t)	40	static
Slider.cpp:216:6:virtual void touchgfx::Slider::updateIndicatorPosition(int16_t)	40	static
Slider.cpp:129:6:virtual void touchgfx::Slider::handleClickEvent(const touchgfx::ClickEvent&)	24	static
Slider.cpp:124:6:virtual void touchgfx::Slider::setValue(int)	40	static
Slider.cpp:265:6:virtual void touchgfx::Slider::setValueRange(int, int, int)	40	static
Slider.cpp:275:6:virtual void touchgfx::Slider::setValueRange(int, int)	40	static
Slider.cpp:97:6:virtual void touchgfx::Slider::setupVerticalSlider(uint16_t, uint16_t, uint16_t, uint16_t, uint16_t)	40	static
Slider.cpp:69:6:virtual void touchgfx::Slider::setupHorizontalSlider(uint16_t, uint16_t, uint16_t, uint16_t, uint16_t)	40	static
Slider.cpp:156:6:virtual void touchgfx::Slider::handleDragEvent(const touchgfx::DragEvent&)	40	static
Slider.cpp:20:1:touchgfx::Slider::Slider()	56	static
Slider.cpp:51:6:void touchgfx::Slider::setBitmaps(const touchgfx::Bitmap&, const touchgfx::Bitmap&, const touchgfx::Bitmap&)	24	static
Slider.cpp:64:6:void touchgfx::Slider::setBitmaps(touchgfx::BitmapId, touchgfx::BitmapId, touchgfx::BitmapId)	32	static
