Drawable.hpp:323:18:virtual void touchgfx::Drawable::setX(int16_t)	0	static
Drawable.hpp:339:18:virtual void touchgfx::Drawable::setY(int16_t)	0	static
Drawable.hpp:404:18:virtual void touchgfx::Drawable::childGeometryChanged()	0	static
Drawable.hpp:416:18:virtual void touchgfx::Drawable::handleClickEvent(const touchgfx::ClickEvent&)	0	static
Drawable.hpp:428:18:virtual void touchgfx::Drawable::handleGestureEvent(const touchgfx::GestureEvent&)	0	static
Drawable.hpp:440:18:virtual void touchgfx::Drawable::handleDragEvent(const touchgfx::DragEvent&)	0	static
Drawable.hpp:564:18:virtual void touchgfx::Drawable::moveTo(int16_t, int16_t)	8	static
ZoomAnimationImage.hpp:384:22:virtual uint16_t touchgfx::ZoomAnimationImage::getType() const	0	static
ZoomAnimationImage.cpp:178:6:virtual void touchgfx::ZoomAnimationImage::setAlpha(uint8_t)	0	static
ZoomAnimationImage.cpp:184:9:virtual uint8_t touchgfx::ZoomAnimationImage::getAlpha() const	0	static
ZoomAnimationImage.cpp:189:6:virtual void touchgfx::ZoomAnimationImage::setAnimationDelay(uint16_t)	0	static
ZoomAnimationImage.cpp:194:10:virtual uint16_t touchgfx::ZoomAnimationImage::getAnimationDelay() const	0	static
ZoomAnimationImage.cpp:204:6:virtual bool touchgfx::ZoomAnimationImage::isZoomAnimationRunning() const	0	static
ZoomAnimationImage.cpp:238:6:virtual void touchgfx::ZoomAnimationImage::setCurrentState(touchgfx::ZoomAnimationImage::States)	0	static
ZoomAnimationImage.cpp:269:6:virtual void touchgfx::ZoomAnimationImage::updateZoomAnimationDeltaXY()	8	static
ZoomAnimationImage.cpp:209:6:virtual void touchgfx::ZoomAnimationImage::updateRenderingMethod()	24	static
Drawable.hpp:356:18:virtual void touchgfx::Drawable::setXY(int16_t, int16_t)	32	static
ZoomAnimationImage.cpp:199:6:virtual bool touchgfx::ZoomAnimationImage::isRunning() const	0	static
ZoomAnimationImage.cpp:84:6:virtual void touchgfx::ZoomAnimationImage::handleTickEvent()	24	static
ZoomAnimationImage.cpp:244:6:void touchgfx::ZoomAnimationImage::startTimerAndSetParameters(int16_t, int16_t, uint16_t, touchgfx::ZoomAnimationImage::ZoomMode, touchgfx::EasingEquation, touchgfx::EasingEquation)	24	static
ZoomAnimationImage.cpp:160:6:virtual void touchgfx::ZoomAnimationImage::setDimension(int16_t, int16_t)	24	static
ZoomAnimationImage.cpp:143:6:virtual void touchgfx::ZoomAnimationImage::setPosition(int16_t, int16_t, int16_t, int16_t)	32	static
ZoomAnimationImage.cpp:150:6:virtual void touchgfx::ZoomAnimationImage::setWidth(int16_t)	24	static
ZoomAnimationImage.cpp:155:6:virtual void touchgfx::ZoomAnimationImage::setHeight(int16_t)	24	static
ZoomAnimationImage.cpp:58:6:void touchgfx::ZoomAnimationImage::startZoomAnimation(int16_t, int16_t, uint16_t, touchgfx::ZoomAnimationImage::ZoomMode, touchgfx::EasingEquation, touchgfx::EasingEquation)	40	static
ZoomAnimationImage.cpp:65:6:void touchgfx::ZoomAnimationImage::startZoomAndMoveAnimation(int16_t, int16_t, int16_t, int16_t, uint16_t, touchgfx::ZoomAnimationImage::ZoomMode, touchgfx::EasingEquation, touchgfx::EasingEquation, touchgfx::EasingEquation, touchgfx::EasingEquation)	40	static
ZoomAnimationImage.cpp:78:6:void touchgfx::ZoomAnimationImage::cancelZoomAnimation()	8	static
ZoomAnimationImage.cpp:244:6:void touchgfx::ZoomAnimationImage::startTimerAndSetParameters(int16_t, int16_t, uint16_t, touchgfx::ZoomAnimationImage::ZoomMode, touchgfx::EasingEquation, touchgfx::EasingEquation)	32	static
ZoomAnimationImage.cpp:20:1:touchgfx::ZoomAnimationImage::ZoomAnimationImage()	32	static
ZoomAnimationImage.cpp:168:6:virtual void touchgfx::ZoomAnimationImage::setScalingMode(touchgfx::ScalableImage::ScalingAlgorithm)	0	static
ZoomAnimationImage.cpp:54:1:touchgfx::ZoomAnimationImage::~ZoomAnimationImage()	8	static
ZoomAnimationImage.cpp:54:1:virtual touchgfx::ZoomAnimationImage::~ZoomAnimationImage()	8	static
ZoomAnimationImage.cpp:131:6:void touchgfx::ZoomAnimationImage::setBitmaps(const touchgfx::Bitmap&, const touchgfx::Bitmap&)	24	static
ZoomAnimationImage.cpp:173:33:virtual touchgfx::ScalableImage::ScalingAlgorithm touchgfx::ZoomAnimationImage::getScalingMode()	0	static
