Drawable.hpp:323:18:virtual void touchgfx::Drawable::setX(int16_t)	0	static
Drawable.hpp:339:18:virtual void touchgfx::Drawable::setY(int16_t)	0	static
Drawable.hpp:404:18:virtual void touchgfx::Drawable::childGeometryChanged()	0	static
Drawable.hpp:416:18:virtual void touchgfx::Drawable::handleClickEvent(const touchgfx::ClickEvent&)	0	static
Drawable.hpp:428:18:virtual void touchgfx::Drawable::handleGestureEvent(const touchgfx::GestureEvent&)	0	static
Drawable.hpp:440:18:virtual void touchgfx::Drawable::handleDragEvent(const touchgfx::DragEvent&)	0	static
Drawable.hpp:453:18:virtual void touchgfx::Drawable::handleTickEvent()	0	static
Drawable.hpp:564:18:virtual void touchgfx::Drawable::moveTo(int16_t, int16_t)	8	static
Container.hpp:202:22:virtual uint16_t touchgfx::Container::getType() const	0	static
DrawableList.hpp:195:13:touchgfx::DrawableList::~DrawableList()	0	static
DrawableList.cpp:58:6:virtual bool touchgfx::DrawableList::getHorizontal() const	0	static
DrawableList.cpp:72:6:virtual bool touchgfx::DrawableList::getCircular() const	0	static
DrawableList.cpp:99:9:virtual int16_t touchgfx::DrawableList::getItemSize() const	0	static
DrawableList.cpp:104:9:virtual int16_t touchgfx::DrawableList::getDrawableSize() const	0	static
DrawableList.cpp:109:9:virtual int16_t touchgfx::DrawableList::getDrawableMargin() const	0	static
DrawableList.hpp:195:13:virtual touchgfx::DrawableList::~DrawableList()	8	static
Drawable.hpp:356:18:virtual void touchgfx::Drawable::setXY(int16_t, int16_t)	32	static
Drawable.hpp:249:18:virtual void touchgfx::Drawable::setPosition(int16_t, int16_t, int16_t, int16_t)	32	static
DrawableList.cpp:20:1:touchgfx::DrawableList::DrawableList()	0	static
DrawableList.cpp:77:6:void touchgfx::DrawableList::setDrawableSize(int16_t, int16_t)	0	static
DrawableList.cpp:94:9:int16_t touchgfx::DrawableList::getNumberOfDrawables() const	0	static
DrawableList.cpp:120:9:int16_t touchgfx::DrawableList::getNumberOfItems() const	0	static
DrawableList.cpp:125:9:int16_t touchgfx::DrawableList::getRequiredNumberOfDrawables() const	16	static
DrawableList.cpp:146:6:void touchgfx::DrawableList::setOffset(int32_t)	48	static
DrawableList.cpp:332:6:void touchgfx::DrawableList::refreshDrawables()	56	static
DrawableList.cpp:37:6:virtual void touchgfx::DrawableList::setWidth(int16_t)	4	static
DrawableList.cpp:43:6:virtual void touchgfx::DrawableList::setHeight(int16_t)	4	static
DrawableList.cpp:49:6:virtual void touchgfx::DrawableList::setHorizontal(bool)	0	static
DrawableList.cpp:63:6:virtual void touchgfx::DrawableList::setCircular(bool)	0	static
DrawableList.cpp:83:6:virtual void touchgfx::DrawableList::setDrawables(touchgfx::DrawableListItemsInterface&, int16_t, touchgfx::GenericCallback<touchgfx::DrawableListItemsInterface*, short int, short int>&)	8	static
DrawableList.cpp:114:6:void touchgfx::DrawableList::setNumberOfItems(int16_t)	4	static
DrawableList.cpp:269:9:int32_t touchgfx::DrawableList::getOffset() const	0	static
DrawableList.cpp:274:9:int16_t touchgfx::DrawableList::getItemIndex(int16_t)	8	static
DrawableList.cpp:292:9:int16_t touchgfx::DrawableList::getDrawableIndices(int16_t, int16_t*, int16_t)	28	static
DrawableList.cpp:307:9:int16_t touchgfx::DrawableList::getDrawableIndex(int16_t, int16_t)	16	static
DrawableList.cpp:332:6:void touchgfx::DrawableList::refreshDrawables()	0	static
DrawableList.cpp:365:6:void touchgfx::DrawableList::itemChanged(int16_t)	24	static
