Drawable.hpp:323:18:virtual void touchgfx::Drawable::setX(int16_t)	0	static
Drawable.hpp:339:18:virtual void touchgfx::Drawable::setY(int16_t)	0	static
Drawable.hpp:404:18:virtual void touchgfx::Drawable::childGeometryChanged()	0	static
Drawable.hpp:564:18:virtual void touchgfx::Drawable::moveTo(int16_t, int16_t)	8	static
Container.hpp:202:22:virtual uint16_t touchgfx::Container::getType() const	0	static
ScrollWheel.cpp:25:1:touchgfx::ScrollWheel::~ScrollWheel()	0	static
ScrollBase.hpp:497:18:virtual void touchgfx::ScrollBase::initialize()	0	static
ScrollWheel.cpp:25:1:virtual touchgfx::ScrollWheel::~ScrollWheel()	8	static
ScrollWheel.cpp:29:6:virtual void touchgfx::ScrollWheel::setDrawables(touchgfx::DrawableListItemsInterface&, touchgfx::GenericCallback<touchgfx::DrawableListItemsInterface*, short int, short int>&)	16	static
Drawable.hpp:356:18:virtual void touchgfx::Drawable::setXY(int16_t, int16_t)	32	static
Drawable.hpp:249:18:virtual void touchgfx::Drawable::setPosition(int16_t, int16_t, int16_t, int16_t)	32	static
ScrollWheel.cpp:20:1:touchgfx::ScrollWheel::ScrollWheel()	8	static
