Drawable.hpp:323:18:virtual void touchgfx::Drawable::setX(int16_t)	0	static
Drawable.hpp:339:18:virtual void touchgfx::Drawable::setY(int16_t)	0	static
Drawable.hpp:404:18:virtual void touchgfx::Drawable::childGeometryChanged()	0	static
Drawable.hpp:564:18:virtual void touchgfx::Drawable::moveTo(int16_t, int16_t)	8	static
Container.hpp:202:22:virtual uint16_t touchgfx::Container::getType() const	0	static
ScrollWheelBase.hpp:53:13:touchgfx::ScrollWheelBase::~ScrollWheelBase()	0	static
ScrollWheelBase.cpp:28:6:virtual void touchgfx::ScrollWheelBase::setSelectedItemOffset(int16_t)	16	static
ScrollWheelBase.cpp:35:9:virtual int16_t touchgfx::ScrollWheelBase::getSelectedItemOffset() const	0	static
ScrollWheelBase.cpp:40:9:virtual int32_t touchgfx::ScrollWheelBase::getPositionForItem(int16_t)	16	static
ScrollWheelBase.cpp:81:9:virtual int32_t touchgfx::ScrollWheelBase::keepOffsetInsideLimits(int32_t, int16_t) const	24	static
ScrollWheelBase.cpp:134:6:virtual void touchgfx::ScrollWheelBase::handleDragEvent(const touchgfx::DragEvent&)	24	static
ScrollWheelBase.cpp:56:6:virtual void touchgfx::ScrollWheelBase::animateToPosition(int32_t, int16_t)	16	static
ScrollBase.hpp:497:18:virtual void touchgfx::ScrollBase::initialize()	0	static
ScrollWheelBase.hpp:53:13:virtual touchgfx::ScrollWheelBase::~ScrollWheelBase()	8	static
Drawable.hpp:356:18:virtual void touchgfx::Drawable::setXY(int16_t, int16_t)	32	static
Drawable.hpp:249:18:virtual void touchgfx::Drawable::setPosition(int16_t, int16_t, int16_t, int16_t)	32	static
ScrollWheelBase.cpp:146:6:virtual void touchgfx::ScrollWheelBase::handleGestureEvent(const touchgfx::GestureEvent&)	16	static
ScrollWheelBase.cpp:88:6:virtual void touchgfx::ScrollWheelBase::handleClickEvent(const touchgfx::ClickEvent&)	16	static
ScrollWheelBase.cpp:20:1:touchgfx::ScrollWheelBase::ScrollWheelBase()	8	static
ScrollWheelBase.cpp:67:5:int touchgfx::ScrollWheelBase::getSelectedItem() const	8	static
ScrollWheelBase.cpp:160:6:void touchgfx::ScrollWheelBase::setAnimateToCallback(touchgfx::GenericCallback<short int>&)	0	static
