Drawable.hpp:323:18:virtual void touchgfx::Drawable::setX(int16_t)	0	static
Drawable.hpp:339:18:virtual void touchgfx::Drawable::setY(int16_t)	0	static
Drawable.hpp:373:18:virtual void touchgfx::Drawable::setWidth(int16_t)	0	static
Drawable.hpp:389:18:virtual void touchgfx::Drawable::setHeight(int16_t)	0	static
Drawable.hpp:404:18:virtual void touchgfx::Drawable::childGeometryChanged()	0	static
Drawable.hpp:416:18:virtual void touchgfx::Drawable::handleClickEvent(const touchgfx::ClickEvent&)	0	static
Drawable.hpp:428:18:virtual void touchgfx::Drawable::handleGestureEvent(const touchgfx::GestureEvent&)	0	static
Drawable.hpp:440:18:virtual void touchgfx::Drawable::handleDragEvent(const touchgfx::DragEvent&)	0	static
Drawable.hpp:453:18:virtual void touchgfx::Drawable::handleTickEvent()	0	static
Drawable.hpp:564:18:virtual void touchgfx::Drawable::moveTo(int16_t, int16_t)	8	static
Container.hpp:202:22:virtual uint16_t touchgfx::Container::getType() const	0	static
AbstractProgressIndicator.cpp:29:1:touchgfx::AbstractProgressIndicator::~AbstractProgressIndicator()	0	static
AbstractProgressIndicator.cpp:55:9:virtual int16_t touchgfx::AbstractProgressIndicator::getProgressIndicatorX() const	0	static
AbstractProgressIndicator.cpp:60:9:virtual int16_t touchgfx::AbstractProgressIndicator::getProgressIndicatorY() const	0	static
AbstractProgressIndicator.cpp:65:9:virtual int16_t touchgfx::AbstractProgressIndicator::getProgressIndicatorWidth() const	0	static
AbstractProgressIndicator.cpp:70:9:virtual int16_t touchgfx::AbstractProgressIndicator::getProgressIndicatorHeight() const	0	static
AbstractProgressIndicator.cpp:93:6:virtual void touchgfx::AbstractProgressIndicator::getRange(int16_t&, int16_t&, uint16_t&, uint16_t&) const	8	static
AbstractProgressIndicator.cpp:101:6:virtual void touchgfx::AbstractProgressIndicator::getRange(int16_t&, int16_t&, uint16_t&) const	4	static
AbstractProgressIndicator.cpp:108:6:virtual void touchgfx::AbstractProgressIndicator::getRange(int16_t&, int16_t&) const	0	static
AbstractProgressIndicator.cpp:114:6:virtual void touchgfx::AbstractProgressIndicator::setValue(int)	0	static
AbstractProgressIndicator.cpp:121:5:virtual int touchgfx::AbstractProgressIndicator::getValue() const	0	static
AbstractProgressIndicator.cpp:29:1:virtual touchgfx::AbstractProgressIndicator::~AbstractProgressIndicator()	8	static
AbstractProgressIndicator.cpp:33:6:virtual void touchgfx::AbstractProgressIndicator::setBackground(const touchgfx::Bitmap&)	8	static
AbstractProgressIndicator.cpp:126:10:virtual uint16_t touchgfx::AbstractProgressIndicator::getProgress(uint16_t) const	24	static
Drawable.hpp:356:18:virtual void touchgfx::Drawable::setXY(int16_t, int16_t)	32	static
AbstractProgressIndicator.cpp:40:6:virtual void touchgfx::AbstractProgressIndicator::setProgressIndicatorPosition(int16_t, int16_t, int16_t, int16_t)	8	static
AbstractProgressIndicator.cpp:75:6:virtual void touchgfx::AbstractProgressIndicator::setRange(int16_t, int16_t, uint16_t, uint16_t)	32	static
Drawable.hpp:249:18:virtual void touchgfx::Drawable::setPosition(int16_t, int16_t, int16_t, int16_t)	32	static
AbstractProgressIndicator.cpp:20:1:touchgfx::AbstractProgressIndicator::AbstractProgressIndicator()	32	static
