Drawable.hpp:323:18:virtual void touchgfx::Drawable::setX(int16_t)	0	static
Drawable.hpp:339:18:virtual void touchgfx::Drawable::setY(int16_t)	0	static
Drawable.hpp:373:18:virtual void touchgfx::Drawable::setWidth(int16_t)	0	static
Drawable.hpp:389:18:virtual void touchgfx::Drawable::setHeight(int16_t)	0	static
Drawable.hpp:404:18:virtual void touchgfx::Drawable::childGeometryChanged()	0	static
Drawable.hpp:416:18:virtual void touchgfx::Drawable::handleClickEvent(const touchgfx::ClickEvent&)	0	static
Drawable.hpp:428:18:virtual void touchgfx::Drawable::handleGestureEvent(const touchgfx::GestureEvent&)	0	static
Drawable.hpp:440:18:virtual void touchgfx::Drawable::handleDragEvent(const touchgfx::DragEvent&)	0	static
Drawable.hpp:453:18:virtual void touchgfx::Drawable::handleTickEvent()	0	static
Drawable.hpp:564:18:virtual void touchgfx::Drawable::moveTo(int16_t, int16_t)	8	static
Container.hpp:202:22:virtual uint16_t touchgfx::Container::getType() const	0	static
BoxProgress.cpp:37:6:virtual void touchgfx::BoxProgress::setColor(touchgfx::colortype)	0	static
BoxProgress.cpp:42:21:virtual touchgfx::colortype touchgfx::BoxProgress::getColor() const	0	static
BoxProgress.cpp:47:6:virtual void touchgfx::BoxProgress::setAlpha(uint8_t)	0	static
BoxProgress.cpp:52:9:virtual uint8_t touchgfx::BoxProgress::getAlpha() const	0	static
BoxProgress.cpp:26:1:touchgfx::BoxProgress::~BoxProgress()	8	static
BoxProgress.cpp:26:1:virtual touchgfx::BoxProgress::~BoxProgress()	8	static
Drawable.hpp:356:18:virtual void touchgfx::Drawable::setXY(int16_t, int16_t)	32	static
Drawable.hpp:249:18:virtual void touchgfx::Drawable::setPosition(int16_t, int16_t, int16_t, int16_t)	32	static
BoxProgress.cpp:20:1:touchgfx::BoxProgress::BoxProgress()	8	static
BoxProgress.cpp:30:6:virtual void touchgfx::BoxProgress::setProgressIndicatorPosition(int16_t, int16_t, int16_t, int16_t)	12	static
BoxProgress.cpp:57:6:virtual void touchgfx::BoxProgress::setValue(int)	16	static
