Drawable.hpp:323:18:virtual void touchgfx::Drawable::setX(int16_t)	0	static
Drawable.hpp:339:18:virtual void touchgfx::Drawable::setY(int16_t)	0	static
Drawable.hpp:373:18:virtual void touchgfx::Drawable::setWidth(int16_t)	0	static
Drawable.hpp:389:18:virtual void touchgfx::Drawable::setHeight(int16_t)	0	static
Drawable.hpp:404:18:virtual void touchgfx::Drawable::childGeometryChanged()	0	static
Drawable.hpp:416:18:virtual void touchgfx::Drawable::handleClickEvent(const touchgfx::ClickEvent&)	0	static
Drawable.hpp:428:18:virtual void touchgfx::Drawable::handleGestureEvent(const touchgfx::GestureEvent&)	0	static
Drawable.hpp:440:18:virtual void touchgfx::Drawable::handleDragEvent(const touchgfx::DragEvent&)	0	static
Drawable.hpp:453:18:virtual void touchgfx::Drawable::handleTickEvent()	0	static
Drawable.hpp:564:18:virtual void touchgfx::Drawable::moveTo(int16_t, int16_t)	8	static
Container.hpp:202:22:virtual uint16_t touchgfx::Container::getType() const	0	static
ImageProgress.cpp:38:6:virtual void touchgfx::ImageProgress::setAnchorAtZero(bool)	0	static
ImageProgress.cpp:43:6:virtual bool touchgfx::ImageProgress::getAnchorAtZero() const	0	static
ImageProgress.cpp:58:6:virtual void touchgfx::ImageProgress::setAlpha(uint8_t)	0	static
ImageProgress.cpp:63:9:virtual uint8_t touchgfx::ImageProgress::getAlpha() const	0	static
ImageProgress.cpp:48:6:virtual void touchgfx::ImageProgress::setBitmap(touchgfx::BitmapId)	16	static
ImageProgress.cpp:27:1:touchgfx::ImageProgress::~ImageProgress()	8	static
ImageProgress.cpp:27:1:virtual touchgfx::ImageProgress::~ImageProgress()	8	static
ImageProgress.cpp:53:20:virtual touchgfx::BitmapId touchgfx::ImageProgress::getBitmap() const	8	static
Drawable.hpp:356:18:virtual void touchgfx::Drawable::setXY(int16_t, int16_t)	32	static
Drawable.hpp:249:18:virtual void touchgfx::Drawable::setPosition(int16_t, int16_t, int16_t, int16_t)	32	static
ImageProgress.cpp:20:1:touchgfx::ImageProgress::ImageProgress()	32	static
ImageProgress.cpp:31:6:virtual void touchgfx::ImageProgress::setProgressIndicatorPosition(int16_t, int16_t, int16_t, int16_t)	12	static
ImageProgress.cpp:68:6:virtual void touchgfx::ImageProgress::setValue(int)	16	static
