Drawable.hpp:323:18:virtual void touchgfx::Drawable::setX(int16_t)	0	static
Drawable.hpp:339:18:virtual void touchgfx::Drawable::setY(int16_t)	0	static
Drawable.hpp:373:18:virtual void touchgfx::Drawable::setWidth(int16_t)	0	static
Drawable.hpp:389:18:virtual void touchgfx::Drawable::setHeight(int16_t)	0	static
Drawable.hpp:404:18:virtual void touchgfx::Drawable::childGeometryChanged()	0	static
Drawable.hpp:416:18:virtual void touchgfx::Drawable::handleClickEvent(const touchgfx::ClickEvent&)	0	static
Drawable.hpp:428:18:virtual void touchgfx::Drawable::handleGestureEvent(const touchgfx::GestureEvent&)	0	static
Drawable.hpp:440:18:virtual void touchgfx::Drawable::handleDragEvent(const touchgfx::DragEvent&)	0	static
Drawable.hpp:453:18:virtual void touchgfx::Drawable::handleTickEvent()	0	static
Drawable.hpp:564:18:virtual void touchgfx::Drawable::moveTo(int16_t, int16_t)	8	static
Container.hpp:202:22:virtual uint16_t touchgfx::Container::getType() const	0	static
LineProgress.cpp:50:6:virtual void touchgfx::LineProgress::getStart(int&, int&) const	4	static
LineProgress.cpp:56:6:virtual void touchgfx::LineProgress::setEnd(int, int)	0	static
LineProgress.cpp:62:6:virtual void touchgfx::LineProgress::getEnd(int&, int&) const	4	static
LineProgress.cpp:73:5:virtual int touchgfx::LineProgress::getLineWidth() const	0	static
LineProgress.cpp:90:6:virtual void touchgfx::LineProgress::setAlpha(uint8_t)	0	static
LineProgress.cpp:95:9:virtual uint8_t touchgfx::LineProgress::getAlpha() const	0	static
LineProgress.cpp:27:1:touchgfx::LineProgress::~LineProgress()	8	static
LineProgress.cpp:38:6:virtual void touchgfx::LineProgress::setPainter(touchgfx::AbstractPainter&)	0	static
LineProgress.cpp:27:1:virtual touchgfx::LineProgress::~LineProgress()	8	static
LineProgress.cpp:43:6:virtual void touchgfx::LineProgress::setStart(int, int)	0	static
LineProgress.cpp:68:6:virtual void touchgfx::LineProgress::setLineWidth(int)	0	static
LineProgress.cpp:80:6:virtual void touchgfx::LineProgress::setLineEndingStyle(touchgfx::Line::LINE_ENDING_STYLE)	0	static
LineProgress.cpp:85:35:virtual touchgfx::Line::LINE_ENDING_STYLE touchgfx::LineProgress::getLineEndingStyle() const	0	static
Drawable.hpp:356:18:virtual void touchgfx::Drawable::setXY(int16_t, int16_t)	32	static
Drawable.hpp:249:18:virtual void touchgfx::Drawable::setPosition(int16_t, int16_t, int16_t, int16_t)	32	static
LineProgress.cpp:20:1:touchgfx::LineProgress::LineProgress()	16	static
LineProgress.cpp:31:6:virtual void touchgfx::LineProgress::setProgressIndicatorPosition(int16_t, int16_t, int16_t, int16_t)	12	static
LineProgress.cpp:100:6:virtual void touchgfx::LineProgress::setValue(int)	16	static
