Font.hpp:330:22:virtual uint16_t touchgfx::Font::getFontHeight() const	0	static
Drawable.hpp:323:18:virtual void touchgfx::Drawable::setX(int16_t)	0	static
Drawable.hpp:339:18:virtual void touchgfx::Drawable::setY(int16_t)	0	static
Drawable.hpp:373:18:virtual void touchgfx::Drawable::setWidth(int16_t)	0	static
Drawable.hpp:389:18:virtual void touchgfx::Drawable::setHeight(int16_t)	0	static
Drawable.hpp:404:18:virtual void touchgfx::Drawable::childGeometryChanged()	0	static
Drawable.hpp:416:18:virtual void touchgfx::Drawable::handleClickEvent(const touchgfx::ClickEvent&)	0	static
Drawable.hpp:428:18:virtual void touchgfx::Drawable::handleGestureEvent(const touchgfx::GestureEvent&)	0	static
Drawable.hpp:440:18:virtual void touchgfx::Drawable::handleDragEvent(const touchgfx::DragEvent&)	0	static
Drawable.hpp:453:18:virtual void touchgfx::Drawable::handleTickEvent()	0	static
Drawable.hpp:564:18:virtual void touchgfx::Drawable::moveTo(int16_t, int16_t)	8	static
Drawable.hpp:737:18:virtual void touchgfx::Drawable::setupDrawChain(const touchgfx::Rect&, touchgfx::Drawable**)	4	static
Container.hpp:202:22:virtual uint16_t touchgfx::Container::getType() const	0	static
Widget.hpp:74:18:virtual void touchgfx::Widget::getLastChild(int16_t, int16_t, touchgfx::Drawable**)	0	static
TextArea.hpp:69:18:virtual touchgfx::Rect touchgfx::TextArea::getSolidRect() const	0	static
TextAreaWithWildcard.hpp:181:22:virtual uint16_t touchgfx::TextAreaWithOneWildcard::getType() const	0	static
TextProgress.cpp:45:21:virtual touchgfx::TypedText touchgfx::TextProgress::getTypedText() const	0	static
TextProgress.cpp:50:6:virtual void touchgfx::TextProgress::setColor(touchgfx::colortype)	0	static
TextProgress.cpp:55:21:virtual touchgfx::colortype touchgfx::TextProgress::getColor() const	0	static
TextProgress.cpp:60:6:virtual void touchgfx::TextProgress::setAlpha(uint8_t)	0	static
TextProgress.cpp:65:9:virtual uint8_t touchgfx::TextProgress::getAlpha() const	0	static
TextProgress.cpp:87:6:virtual void touchgfx::TextProgress::setNumberOfDecimals(uint16_t)	0	static
TextProgress.cpp:92:10:virtual uint16_t touchgfx::TextProgress::getNumberOfDecimals() const	0	static
TextAreaWithWildcard.hpp:75:7:touchgfx::TextAreaWithOneWildcard::~TextAreaWithOneWildcard()	0	static
TextAreaWithWildcard.hpp:75:7:virtual touchgfx::TextAreaWithOneWildcard::~TextAreaWithOneWildcard()	8	static
TextProgress.cpp:29:1:touchgfx::TextProgress::~TextProgress()	8	static
TextProgress.cpp:29:1:virtual touchgfx::TextProgress::~TextProgress()	8	static
TextProgress.cpp:40:6:virtual void touchgfx::TextProgress::setTypedText(const touchgfx::TypedText&)	0	static
Drawable.hpp:356:18:virtual void touchgfx::Drawable::setXY(int16_t, int16_t)	32	static
Drawable.hpp:249:18:virtual void touchgfx::Drawable::setPosition(int16_t, int16_t, int16_t, int16_t)	32	static
TextArea.hpp:142:18:virtual void touchgfx::TextArea::setBaselineY(int16_t)	16	static
TextArea.hpp:161:18:virtual void touchgfx::TextArea::setXBaselineY(int16_t, int16_t)	32	static
TextAreaWithWildcard.hpp:101:21:virtual int16_t touchgfx::TextAreaWithOneWildcard::getTextHeight()	8	static
TextAreaWithWildcard.hpp:167:22:virtual uint16_t touchgfx::TextAreaWithOneWildcard::getTextWidth() const	16	static
TextAreaWithWildcard.hpp:116:18:virtual void touchgfx::TextAreaWithOneWildcard::draw(const touchgfx::Rect&) const	80	static
TextProgress.cpp:20:1:touchgfx::TextProgress::TextProgress()	16	static
TextProgress.cpp:33:6:virtual void touchgfx::TextProgress::setProgressIndicatorPosition(int16_t, int16_t, int16_t, int16_t)	12	static
TextProgress.cpp:70:6:virtual void touchgfx::TextProgress::setValue(int)	40	static
