Drawable.hpp:323:18:virtual void touchgfx::Drawable::setX(int16_t)	0	static
Drawable.hpp:339:18:virtual void touchgfx::Drawable::setY(int16_t)	0	static
Drawable.hpp:373:18:virtual void touchgfx::Drawable::setWidth(int16_t)	0	static
Drawable.hpp:389:18:virtual void touchgfx::Drawable::setHeight(int16_t)	0	static
Drawable.hpp:404:18:virtual void touchgfx::Drawable::childGeometryChanged()	0	static
Drawable.hpp:416:18:virtual void touchgfx::Drawable::handleClickEvent(const touchgfx::ClickEvent&)	0	static
Drawable.hpp:428:18:virtual void touchgfx::Drawable::handleGestureEvent(const touchgfx::GestureEvent&)	0	static
Drawable.hpp:440:18:virtual void touchgfx::Drawable::handleDragEvent(const touchgfx::DragEvent&)	0	static
Drawable.hpp:453:18:virtual void touchgfx::Drawable::handleTickEvent()	0	static
Drawable.hpp:564:18:virtual void touchgfx::Drawable::moveTo(int16_t, int16_t)	8	static
Container.hpp:202:22:virtual uint16_t touchgfx::Container::getType() const	0	static
AbstractClock.cpp:28:6:virtual void touchgfx::AbstractClock::setTime24Hour(uint8_t, uint8_t, uint8_t)	16	static
Drawable.hpp:356:18:virtual void touchgfx::Drawable::setXY(int16_t, int16_t)	32	static
AbstractClock.cpp:37:6:virtual void touchgfx::AbstractClock::setTime12Hour(uint8_t, uint8_t, uint8_t, bool)	12	static
Drawable.hpp:249:18:virtual void touchgfx::Drawable::setPosition(int16_t, int16_t, int16_t, int16_t)	32	static
AbstractClock.cpp:20:1:touchgfx::AbstractClock::AbstractClock()	0	static
AbstractClock.cpp:42:9:uint8_t touchgfx::AbstractClock::getCurrentHour() const	0	static
AbstractClock.cpp:47:9:uint8_t touchgfx::AbstractClock::getCurrentMinute() const	0	static
AbstractClock.cpp:52:9:uint8_t touchgfx::AbstractClock::getCurrentSecond() const	0	static
