Drawable.hpp:323:18:virtual void touchgfx::Drawable::setX(int16_t)	0	static
Drawable.hpp:339:18:virtual void touchgfx::Drawable::setY(int16_t)	0	static
Drawable.hpp:373:18:virtual void touchgfx::Drawable::setWidth(int16_t)	0	static
Drawable.hpp:389:18:virtual void touchgfx::Drawable::setHeight(int16_t)	0	static
Drawable.hpp:404:18:virtual void touchgfx::Drawable::childGeometryChanged()	0	static
Drawable.hpp:416:18:virtual void touchgfx::Drawable::handleClickEvent(const touchgfx::ClickEvent&)	0	static
Drawable.hpp:428:18:virtual void touchgfx::Drawable::handleGestureEvent(const touchgfx::GestureEvent&)	0	static
Drawable.hpp:440:18:virtual void touchgfx::Drawable::handleDragEvent(const touchgfx::DragEvent&)	0	static
Drawable.hpp:453:18:virtual void touchgfx::Drawable::handleTickEvent()	0	static
Drawable.hpp:564:18:virtual void touchgfx::Drawable::moveTo(int16_t, int16_t)	8	static
Container.hpp:202:22:virtual uint16_t touchgfx::Container::getType() const	0	static
TextureMapper.hpp:149:18:virtual void touchgfx::TextureMapper::setRenderingAlgorithm(touchgfx::TextureMapper::RenderingAlgorithm)	0	static
TextureMapper.hpp:365:19:virtual float touchgfx::TextureMapper::getOrigoX() const	0	static
TextureMapper.hpp:379:19:virtual float touchgfx::TextureMapper::getOrigoY() const	0	static
TextureMapper.hpp:468:19:virtual float touchgfx::TextureMapper::getCameraDistance() const	0	static
AnalogClock.hpp:223:22:virtual uint16_t touchgfx::AnalogClock::getAnimationDuration()	0	static
AnalogClock.cpp:63:6:virtual void touchgfx::AnalogClock::setRotationCenter(int16_t, int16_t)	0	static
AnalogClock.cpp:102:6:virtual void touchgfx::AnalogClock::initializeTime24Hour(uint8_t, uint8_t, uint8_t)	24	static
AnalogClock.cpp:201:7:virtual float touchgfx::AnalogClock::convertHandValueToAngle(uint8_t, uint8_t, uint8_t) const	0	static
AnalogClock.cpp:212:6:virtual bool touchgfx::AnalogClock::getHourHandMinuteCorrection() const	0	static
AnalogClock.cpp:223:6:virtual bool touchgfx::AnalogClock::getMinuteHandSecondCorrection() const	0	static
AnalogClock.cpp:228:6:virtual bool touchgfx::AnalogClock::animationEnabled() const	0	static
AnalogClock.cpp:233:6:virtual void touchgfx::AnalogClock::setAnimation(uint16_t, touchgfx::EasingEquation)	0	static
TextureMapper.hpp:331:18:virtual void touchgfx::TextureMapper::setOrigo(float, float, float)	0	static
TextureMapper.hpp:408:18:virtual void touchgfx::TextureMapper::setCamera(float, float)	0	static
TextureMapper.hpp:453:18:virtual void touchgfx::TextureMapper::setCameraDistance(float)	0	static
TextureMapper.hpp:484:18:virtual void touchgfx::TextureMapper::setBitmapPosition(float, float)	0	static
AnalogClock.cpp:206:6:virtual void touchgfx::AnalogClock::setHourHandMinuteCorrection(bool)	24	static
AnalogClock.cpp:217:6:virtual void touchgfx::AnalogClock::setMinuteHandSecondCorrection(bool)	24	static
Drawable.hpp:356:18:virtual void touchgfx::Drawable::setXY(int16_t, int16_t)	32	static
AnalogClock.cpp:52:6:virtual void touchgfx::AnalogClock::setBackground(touchgfx::BitmapId, int16_t, int16_t)	32	static
TextureMapper.hpp:502:18:virtual void touchgfx::TextureMapper::setBitmapPosition(int, int)	8	static
AnalogClock.cpp:116:6:virtual void touchgfx::AnalogClock::initializeTime12Hour(uint8_t, uint8_t, uint8_t, bool)	16	static
AnalogClock.cpp:47:6:virtual void touchgfx::AnalogClock::setBackground(touchgfx::BitmapId)	40	static
Drawable.hpp:249:18:virtual void touchgfx::Drawable::setPosition(int16_t, int16_t, int16_t, int16_t)	32	static
AnalogClock.cpp:84:6:virtual void touchgfx::AnalogClock::setupHand(touchgfx::TextureMapper&, touchgfx::BitmapId, int16_t, int16_t)	40	static
AnalogClock.cpp:43:1:touchgfx::AnalogClock::~AnalogClock()	8	static
AnalogClock.cpp:43:1:virtual touchgfx::AnalogClock::~AnalogClock()	8	static
AnalogClock.cpp:20:1:touchgfx::AnalogClock::AnalogClock()	48	static
AnalogClock.cpp:121:6:virtual void touchgfx::AnalogClock::updateClock()	32	static
AnalogClock.cpp:69:6:virtual void touchgfx::AnalogClock::setupHourHand(touchgfx::BitmapId, int16_t, int16_t)	48	static
AnalogClock.cpp:74:6:virtual void touchgfx::AnalogClock::setupMinuteHand(touchgfx::BitmapId, int16_t, int16_t)	48	static
AnalogClock.cpp:79:6:virtual void touchgfx::AnalogClock::setupSecondHand(touchgfx::BitmapId, int16_t, int16_t)	48	static
