Font.hpp:330:22:virtual uint16_t touchgfx::Font::getFontHeight() const	0	static
Drawable.hpp:323:18:virtual void touchgfx::Drawable::setX(int16_t)	0	static
Drawable.hpp:339:18:virtual void touchgfx::Drawable::setY(int16_t)	0	static
Drawable.hpp:373:18:virtual void touchgfx::Drawable::setWidth(int16_t)	0	static
Drawable.hpp:389:18:virtual void touchgfx::Drawable::setHeight(int16_t)	0	static
Drawable.hpp:404:18:virtual void touchgfx::Drawable::childGeometryChanged()	0	static
Drawable.hpp:416:18:virtual void touchgfx::Drawable::handleClickEvent(const touchgfx::ClickEvent&)	0	static
Drawable.hpp:428:18:virtual void touchgfx::Drawable::handleGestureEvent(const touchgfx::GestureEvent&)	0	static
Drawable.hpp:440:18:virtual void touchgfx::Drawable::handleDragEvent(const touchgfx::DragEvent&)	0	static
Drawable.hpp:453:18:virtual void touchgfx::Drawable::handleTickEvent()	0	static
Drawable.hpp:564:18:virtual void touchgfx::Drawable::moveTo(int16_t, int16_t)	8	static
Drawable.hpp:737:18:virtual void touchgfx::Drawable::setupDrawChain(const touchgfx::Rect&, touchgfx::Drawable**)	4	static
Container.hpp:202:22:virtual uint16_t touchgfx::Container::getType() const	0	static
Widget.hpp:74:18:virtual void touchgfx::Widget::getLastChild(int16_t, int16_t, touchgfx::Drawable**)	0	static
TextArea.hpp:69:18:virtual touchgfx::Rect touchgfx::TextArea::getSolidRect() const	0	static
TextAreaWithWildcard.hpp:181:22:virtual uint16_t touchgfx::TextAreaWithOneWildcard::getType() const	0	static
DigitalClock.hpp:148:18:virtual void touchgfx::DigitalClock::setDisplayMode(touchgfx::DigitalClock::DisplayMode)	0	static
DigitalClock.hpp:160:25:virtual touchgfx::DigitalClock::DisplayMode touchgfx::DigitalClock::getDisplayMode() const	0	static
DigitalClock.cpp:31:1:touchgfx::DigitalClock::~DigitalClock()	0	static
DigitalClock.cpp:35:6:virtual void touchgfx::DigitalClock::setWidth(int16_t)	0	static
DigitalClock.cpp:41:6:virtual void touchgfx::DigitalClock::setHeight(int16_t)	0	static
DigitalClock.cpp:57:6:virtual void touchgfx::DigitalClock::setAlpha(uint8_t)	0	static
DigitalClock.cpp:62:9:virtual uint8_t touchgfx::DigitalClock::getAlpha() const	0	static
TextAreaWithWildcard.hpp:75:7:touchgfx::TextAreaWithOneWildcard::~TextAreaWithOneWildcard()	0	static
DigitalClock.cpp:73:6:virtual void touchgfx::DigitalClock::setColor(touchgfx::colortype)	0	static
TextAreaWithWildcard.hpp:75:7:virtual touchgfx::TextAreaWithOneWildcard::~TextAreaWithOneWildcard()	8	static
DigitalClock.cpp:31:1:virtual touchgfx::DigitalClock::~DigitalClock()	8	static
DigitalClock.cpp:67:6:virtual void touchgfx::DigitalClock::setTypedText(touchgfx::TypedText)	8	static
DigitalClock.cpp:79:6:virtual void touchgfx::DigitalClock::updateClock()	32	static
Drawable.hpp:356:18:virtual void touchgfx::Drawable::setXY(int16_t, int16_t)	32	static
Drawable.hpp:249:18:virtual void touchgfx::Drawable::setPosition(int16_t, int16_t, int16_t, int16_t)	32	static
TextArea.hpp:142:18:virtual void touchgfx::TextArea::setBaselineY(int16_t)	16	static
DigitalClock.hpp:208:22:virtual uint16_t touchgfx::DigitalClock::getTextWidth() const	16	static
TextArea.hpp:161:18:virtual void touchgfx::TextArea::setXBaselineY(int16_t, int16_t)	32	static
DigitalClock.cpp:47:6:virtual void touchgfx::DigitalClock::setBaselineY(int16_t)	24	static
TextAreaWithWildcard.hpp:101:21:virtual int16_t touchgfx::TextAreaWithOneWildcard::getTextHeight()	8	static
TextAreaWithWildcard.hpp:167:22:virtual uint16_t touchgfx::TextAreaWithOneWildcard::getTextWidth() const	16	static
TextAreaWithWildcard.hpp:116:18:virtual void touchgfx::TextAreaWithOneWildcard::draw(const touchgfx::Rect&) const	80	static
DigitalClock.cpp:20:1:touchgfx::DigitalClock::DigitalClock()	16	static
DigitalClock.cpp:52:6:void touchgfx::DigitalClock::displayLeadingZeroForHourIndicator(bool)	0	static
